<html>
<body>
<pre>
<h1>µVision Build Log</h1>
<h2>Tool Versions:</h2>
IDE-Version: ¦ÌVision V5.36.0.0
Copyright (C) 2021 ARM Ltd and ARM Germany GmbH. All rights reserved.
License Information: sad df, asd, LIC=SDA0P-MDAG8-NNQAF-6LRXR-J0CQK-UUNBR
 
Tool Versions:
Toolchain:       MDK-ARM Plus  Version: 5.36.0.0
Toolchain Path:  D:\SoftWare\Keil\ARM\ARMCC\Bin
C Compiler:      Armcc.exe V5.06 update 7 (build 960)
Assembler:       Armasm.exe V5.06 update 7 (build 960)
Linker/Locator:  ArmLink.exe V5.06 update 7 (build 960)
Library Manager: ArmAr.exe V5.06 update 7 (build 960)
Hex Converter:   FromElf.exe V5.06 update 7 (build 960)
CPU DLL:         SARMCM3.DLL V5.36.0.0
Dialog DLL:      DARMCM1.DLL V1.19.4.0
Target DLL:      STLink\ST-LINKIII-KEIL_SWO.dll V3.0.9.0
Dialog DLL:      TARMCM1.DLL V1.14.4.0
 
<h2>Project:</h2>
D:\STM32_CODE\yegong2\SLK-01_V1_0_231213 (2)\SLK -1.12 -ÐÂ¼ÓÈÈÄ¤\MDK-ARM\SLK-01_V1_0.uvprojx
Project File Date:  03/01/2024

<h2>Output:</h2>
*** Using Compiler 'V5.06 update 7 (build 960)', folder: 'D:\SoftWare\Keil\ARM\ARMCC\Bin'
Rebuild target 'SLK-01_V1_0'
assembling startup_stm32g070xx.s...
compiling sys.c...
compiling delay.c...
compiling apply.c...
compiling tmp114.c...
compiling tmc5130.c...
compiling led.c...
compiling bq25895.c...
compiling heat.c...
compiling hx711.c...
compiling bq27441.c...
compiling screen.c...
compiling myiic.c...
compiling spi.c...
compiling 24cxx.c...
compiling pid.c...
compiling main.c...
compiling ws2812b.c...
compiling dma.c...
compiling adc.c...
compiling gpio.c...
compiling tim.c...
compiling i2c.c...
compiling stm32g0xx_ll_adc.c...
compiling stm32g0xx_ll_rcc.c...
compiling stm32g0xx_hal_msp.c...
compiling stm32g0xx_it.c...
compiling stm32g0xx_hal_adc_ex.c...
compiling usart.c...
compiling stm32g0xx_ll_dma.c...
compiling stm32g0xx_hal_rcc_ex.c...
compiling stm32g0xx_hal_flash_ex.c...
compiling stm32g0xx_hal_gpio.c...
compiling stm32g0xx_hal_flash.c...
compiling stm32g0xx_hal_rcc.c...
compiling stm32g0xx_hal_dma.c...
compiling stm32g0xx_hal_adc.c...
compiling stm32g0xx_hal_dma_ex.c...
compiling stm32g0xx_hal_i2c_ex.c...
compiling stm32g0xx_hal_pwr_ex.c...
compiling stm32g0xx_hal_pwr.c...
compiling stm32g0xx_hal.c...
compiling stm32g0xx_hal_cortex.c...
compiling stm32g0xx_hal_exti.c...
compiling stm32g0xx_hal_spi_ex.c...
compiling stm32g0xx_hal_spi.c...
compiling stm32g0xx_hal_i2c.c...
compiling stm32g0xx_hal_tim.c...
compiling stm32g0xx_hal_tim_ex.c...
compiling system_stm32g0xx.c...
compiling stm32g0xx_hal_uart_ex.c...
compiling stm32g0xx_hal_uart.c...
linking...
Program Size: Code=38432 RO-data=440 RW-data=180 ZI-data=3700  
FromELF: creating hex file...
"SLK-01_V1_0\SLK-01_V1_0.axf" - 0 Error(s), 0 Warning(s).

<h2>Software Packages used:</h2>

Package Vendor: ARM
                http://www.keil.com/pack/ARM.CMSIS.5.8.0.pack
                ARM.CMSIS.5.8.0
                CMSIS (Common Microcontroller Software Interface Standard)
   * Component: CORE Version: 5.5.0

Package Vendor: Keil
                http://www.keil.com/pack/Keil.STM32G0xx_DFP.1.4.0.pack
                Keil.STM32G0xx_DFP.1.4.0
                STMicroelectronics STM32G0 Series Device Support

<h2>Collection of Component include folders:</h2>
  .\RTE\_SLK-01_V1_0
  D:\SoftWare\Keil\Packs\ARM\CMSIS\5.8.0\CMSIS\Core\Include
  D:\SoftWare\Keil\Packs\Keil\STM32G0xx_DFP\1.4.0\Drivers\CMSIS\Device\ST\STM32G0xx\Include

<h2>Collection of Component Files used:</h2>

   * Component: ARM::CMSIS:CORE:5.5.0
Build Time Elapsed:  00:00:10
</pre>
</body>
</html>
