Component: ARM Compiler 5.06 update 7 (build 960) Tool: armlink [4d3601]

==============================================================================

Section Cross References

    startup_stm32g070xx.o(STACK) refers (Special) to heapauxi.o(.text) for __use_two_region_memory
    startup_stm32g070xx.o(HEAP) refers (Special) to heapauxi.o(.text) for __use_two_region_memory
    startup_stm32g070xx.o(RESET) refers (Special) to heapauxi.o(.text) for __use_two_region_memory
    startup_stm32g070xx.o(RESET) refers to startup_stm32g070xx.o(STACK) for __initial_sp
    startup_stm32g070xx.o(RESET) refers to startup_stm32g070xx.o(.text) for Reset_Handler
    startup_stm32g070xx.o(RESET) refers to stm32g0xx_it.o(i.NMI_Handler) for NMI_Handler
    startup_stm32g070xx.o(RESET) refers to stm32g0xx_it.o(i.HardFault_Handler) for HardFault_Handler
    startup_stm32g070xx.o(RESET) refers to stm32g0xx_it.o(i.SVC_Handler) for SVC_Handler
    startup_stm32g070xx.o(RESET) refers to stm32g0xx_it.o(i.PendSV_Handler) for PendSV_Handler
    startup_stm32g070xx.o(RESET) refers to stm32g0xx_it.o(i.SysTick_Handler) for SysTick_Handler
    startup_stm32g070xx.o(RESET) refers to stm32g0xx_it.o(i.EXTI2_3_IRQHandler) for EXTI2_3_IRQHandler
    startup_stm32g070xx.o(RESET) refers to stm32g0xx_it.o(i.DMA1_Channel1_IRQHandler) for DMA1_Channel1_IRQHandler
    startup_stm32g070xx.o(RESET) refers to stm32g0xx_it.o(i.DMA1_Channel2_3_IRQHandler) for DMA1_Channel2_3_IRQHandler
    startup_stm32g070xx.o(RESET) refers to stm32g0xx_it.o(i.DMA1_Ch4_7_DMAMUX1_OVR_IRQHandler) for DMA1_Ch4_7_DMAMUX1_OVR_IRQHandler
    startup_stm32g070xx.o(RESET) refers to stm32g0xx_it.o(i.ADC1_IRQHandler) for ADC1_IRQHandler
    startup_stm32g070xx.o(RESET) refers to stm32g0xx_it.o(i.TIM6_IRQHandler) for TIM6_IRQHandler
    startup_stm32g070xx.o(RESET) refers to stm32g0xx_it.o(i.TIM7_IRQHandler) for TIM7_IRQHandler
    startup_stm32g070xx.o(RESET) refers to stm32g0xx_it.o(i.I2C1_IRQHandler) for I2C1_IRQHandler
    startup_stm32g070xx.o(RESET) refers to stm32g0xx_it.o(i.I2C2_IRQHandler) for I2C2_IRQHandler
    startup_stm32g070xx.o(RESET) refers to stm32g0xx_it.o(i.USART1_IRQHandler) for USART1_IRQHandler
    startup_stm32g070xx.o(.text) refers (Special) to heapauxi.o(.text) for __use_two_region_memory
    startup_stm32g070xx.o(.text) refers to system_stm32g0xx.o(i.SystemInit) for SystemInit
    startup_stm32g070xx.o(.text) refers to __main.o(!!!main) for __main
    startup_stm32g070xx.o(.text) refers to startup_stm32g070xx.o(HEAP) for Heap_Mem
    startup_stm32g070xx.o(.text) refers to startup_stm32g070xx.o(STACK) for Stack_Mem
    delay.o(i.delay_init) refers to stm32g0xx_hal_cortex.o(i.HAL_SYSTICK_CLKSourceConfig) for HAL_SYSTICK_CLKSourceConfig
    delay.o(i.delay_init) refers to delay.o(.data) for fac_us
    delay.o(i.delay_ms) refers to delay.o(i.delay_us) for delay_us
    delay.o(i.delay_us) refers to delay.o(.data) for fac_us
    tmc5130.o(i.MotorChecking) refers to stm32g0xx_hal_gpio.o(i.HAL_GPIO_WritePin) for HAL_GPIO_WritePin
    tmc5130.o(i.MotorChecking) refers to tmc5130.o(i.TMC5130_Write) for TMC5130_Write
    tmc5130.o(i.MotorChecking) refers to tmc5130.o(i.VelocityModeMove) for VelocityModeMove
    tmc5130.o(i.MotorChecking) refers to tmc5130.o(i.TMC5130_Read) for TMC5130_Read
    tmc5130.o(i.MotorChecking) refers to delay.o(i.delay_us) for delay_us
    tmc5130.o(i.MotorChecking) refers to tmc5130.o(i.MotorSetHome) for MotorSetHome
    tmc5130.o(i.MotorCompare) refers to tmc5130.o(i.TMC5130_Write) for TMC5130_Write
    tmc5130.o(i.MotorCompare) refers to tmc5130.o(.data) for MotorSpeed
    tmc5130.o(i.MotorCtrl) refers to stm32g0xx_hal_gpio.o(i.HAL_GPIO_WritePin) for HAL_GPIO_WritePin
    tmc5130.o(i.MotorCtrl) refers to stm32g0xx_hal_spi.o(i.HAL_SPI_Transmit) for HAL_SPI_Transmit
    tmc5130.o(i.MotorCtrl) refers to spi.o(.bss) for hspi1
    tmc5130.o(i.MotorSetHome) refers to tmc5130.o(i.TMC5130_Write) for TMC5130_Write
    tmc5130.o(i.TMC5130_Init) refers to delay.o(i.delay_ms) for delay_ms
    tmc5130.o(i.TMC5130_Init) refers to tmc5130.o(i.TMC5130_Write) for TMC5130_Write
    tmc5130.o(i.TMC5130_Init) refers to tmc5130.o(.data) for MotorSpeed
    tmc5130.o(i.TMC5130_Read) refers to stm32g0xx_hal_gpio.o(i.HAL_GPIO_WritePin) for HAL_GPIO_WritePin
    tmc5130.o(i.TMC5130_Read) refers to stm32g0xx_hal_spi.o(i.HAL_SPI_Transmit) for HAL_SPI_Transmit
    tmc5130.o(i.TMC5130_Read) refers to stm32g0xx_hal_spi.o(i.HAL_SPI_Receive) for HAL_SPI_Receive
    tmc5130.o(i.TMC5130_Read) refers to spi.o(.bss) for hspi1
    tmc5130.o(i.TMC5130_Write) refers to stm32g0xx_hal_gpio.o(i.HAL_GPIO_WritePin) for HAL_GPIO_WritePin
    tmc5130.o(i.TMC5130_Write) refers to stm32g0xx_hal_spi.o(i.HAL_SPI_Transmit) for HAL_SPI_Transmit
    tmc5130.o(i.TMC5130_Write) refers to spi.o(.bss) for hspi1
    tmc5130.o(i.VelocityModeMove) refers to stm32g0xx_hal_gpio.o(i.HAL_GPIO_WritePin) for HAL_GPIO_WritePin
[...]
    __rt_lib_init_clock_1                    0x08000137   Thumb Code     0  libinit2.o(.ARM.Collect$$libinit$$00000021)
    __rt_lib_init_cpp_1                      0x08000137   Thumb Code     0  libinit2.o(.ARM.Collect$$libinit$$00000032)
    __rt_lib_init_exceptions_1               0x08000137   Thumb Code     0  libinit2.o(.ARM.Collect$$libinit$$00000030)
    __rt_lib_init_fp_1                       0x08000137   Thumb Code     0  libinit2.o(.ARM.Collect$$libinit$$00000002)
    __rt_lib_init_fp_trap_1                  0x08000137   Thumb Code     0  libinit2.o(.ARM.Collect$$libinit$$0000001F)
    __rt_lib_init_getenv_1                   0x08000137   Thumb Code     0  libinit2.o(.ARM.Collect$$libinit$$00000023)
    __rt_lib_init_heap_1                     0x08000137   Thumb Code     0  libinit2.o(.ARM.Collect$$libinit$$0000000A)
    __rt_lib_init_lc_collate_1               0x08000137   Thumb Code     0  libinit2.o(.ARM.Collect$$libinit$$00000011)
    __rt_lib_init_lc_ctype_1                 0x08000137   Thumb Code     0  libinit2.o(.ARM.Collect$$libinit$$00000013)
    __rt_lib_init_lc_monetary_1              0x08000137   Thumb Code     0  libinit2.o(.ARM.Collect$$libinit$$00000015)
    __rt_lib_init_lc_numeric_1               0x08000137   Thumb Code     0  libinit2.o(.ARM.Collect$$libinit$$00000017)
    __rt_lib_init_lc_time_1                  0x08000137   Thumb Code     0  libinit2.o(.ARM.Collect$$libinit$$00000019)
    __rt_lib_init_preinit_1                  0x08000137   Thumb Code     0  libinit2.o(.ARM.Collect$$libinit$$00000004)
    __rt_lib_init_rand_1                     0x08000137   Thumb Code     0  libinit2.o(.ARM.Collect$$libinit$$0000000E)
    __rt_lib_init_return                     0x08000137   Thumb Code     0  libinit2.o(.ARM.Collect$$libinit$$00000033)
    __rt_lib_init_signal_1                   0x08000137   Thumb Code     0  libinit2.o(.ARM.Collect$$libinit$$0000001D)
    __rt_lib_init_stdio_1                    0x08000137   Thumb Code     0  libinit2.o(.ARM.Collect$$libinit$$00000025)
    __rt_lib_init_user_alloc_1               0x08000137   Thumb Code     0  libinit2.o(.ARM.Collect$$libinit$$0000000C)
    __rt_lib_shutdown                        0x08000139   Thumb Code     0  libshutdown.o(.ARM.Collect$$libshutdown$$00000000)
    __rt_lib_shutdown_cpp_1                  0x0800013b   Thumb Code     0  libshutdown2.o(.ARM.Collect$$libshutdown$$00000004)
    __rt_lib_shutdown_fini_1                 0x0800013b   Thumb Code     0  libshutdown2.o(.ARM.Collect$$libshutdown$$00000002)
    __rt_lib_shutdown_fp_trap_1              0x0800013b   Thumb Code     0  libshutdown2.o(.ARM.Collect$$libshutdown$$00000009)
    __rt_lib_shutdown_heap_1                 0x0800013b   Thumb Code     0  libshutdown2.o(.ARM.Collect$$libshutdown$$00000011)
    __rt_lib_shutdown_return                 0x0800013b   Thumb Code     0  libshutdown2.o(.ARM.Collect$$libshutdown$$00000012)
    __rt_lib_shutdown_signal_1               0x0800013b   Thumb Code     0  libshutdown2.o(.ARM.Collect$$libshutdown$$0000000C)
    __rt_lib_shutdown_stdio_1                0x0800013b   Thumb Code     0  libshutdown2.o(.ARM.Collect$$libshutdown$$00000006)
    __rt_lib_shutdown_user_alloc_1           0x0800013b   Thumb Code     0  libshutdown2.o(.ARM.Collect$$libshutdown$$0000000E)
    __rt_entry                               0x0800013d   Thumb Code     0  __rtentry.o(.ARM.Collect$$rtentry$$00000000)
    __rt_entry_presh_1                       0x0800013d   Thumb Code     0  __rtentry2.o(.ARM.Collect$$rtentry$$00000002)
    __rt_entry_sh                            0x0800013d   Thumb Code     0  __rtentry4.o(.ARM.Collect$$rtentry$$00000004)
    __rt_entry_li                            0x08000143   Thumb Code     0  __rtentry2.o(.ARM.Collect$$rtentry$$0000000A)
    __rt_entry_postsh_1                      0x08000143   Thumb Code     0  __rtentry2.o(.ARM.Collect$$rtentry$$00000009)
    __rt_entry_main                          0x08000147   Thumb Code     0  __rtentry2.o(.ARM.Collect$$rtentry$$0000000D)
    __rt_entry_postli_1                      0x08000147   Thumb Code     0  __rtentry2.o(.ARM.Collect$$rtentry$$0000000C)
    __rt_exit                                0x0800014f   Thumb Code     0  rtexit.o(.ARM.Collect$$rtexit$$00000000)
    __rt_exit_ls                             0x08000151   Thumb Code     0  rtexit2.o(.ARM.Collect$$rtexit$$00000003)
    __rt_exit_prels_1                        0x08000151   Thumb Code     0  rtexit2.o(.ARM.Collect$$rtexit$$00000002)
    __rt_exit_exit                           0x08000155   Thumb Code     0  rtexit2.o(.ARM.Collect$$rtexit$$00000004)
    Reset_Handler                            0x0800015d   Thumb Code     8  startup_stm32g070xx.o(.text)
    EXTI0_1_IRQHandler                       0x0800016f   Thumb Code     0  startup_stm32g070xx.o(.text)
    EXTI4_15_IRQHandler                      0x0800016f   Thumb Code     0  startup_stm32g070xx.o(.text)
    FLASH_IRQHandler                         0x0800016f   Thumb Code     0  startup_stm32g070xx.o(.text)
    RCC_IRQHandler                           0x0800016f   Thumb Code     0  startup_stm32g070xx.o(.text)
    RTC_TAMP_IRQHandler                      0x0800016f   Thumb Code     0  startup_stm32g070xx.o(.text)
    SPI1_IRQHandler                          0x0800016f   Thumb Code     0  startup_stm32g070xx.o(.text)
    SPI2_IRQHandler                          0x0800016f   Thumb Code     0  startup_stm32g070xx.o(.text)
    TIM14_IRQHandler                         0x0800016f   Thumb Code     0  startup_stm32g070xx.o(.text)
    TIM15_IRQHandler                         0x0800016f   Thumb Code     0  startup_stm32g070xx.o(.text)
    TIM16_IRQHandler                         0x0800016f   Thumb Code     0  startup_stm32g070xx.o(.text)
    TIM17_IRQHandler                         0x0800016f   Thumb Code     0  startup_stm32g070xx.o(.text)
    TIM1_BRK_UP_TRG_COM_IRQHandler           0x0800016f   Thumb Code     0  startup_stm32g070xx.o(.text)
    TIM1_CC_IRQHandler                       0x0800016f   Thumb Code     0  startup_stm32g070xx.o(.text)
    TIM3_IRQHandler                          0x0800016f   Thumb Code     0  startup_stm32g070xx.o(.text)
    USART2_IRQHandler                        0x0800016f   Thumb Code     0  startup_stm32g070xx.o(.text)
    USART3_4_IRQHandler                      0x0800016f   Thumb Code     0  startup_stm32g070xx.o(.text)
    WWDG_IRQHandler                          0x0800016f   Thumb Code     0  startup_stm32g070xx.o(.text)
    __user_initial_stackheap                 0x08000171   Thumb Code     0  startup_stm32g070xx.o(.text)
    _memset_w                                0x08000195   Thumb Code    26  rt_memclr.o(.text)
    _memset                                  0x080001af   Thumb Code    30  rt_memclr.o(.text)
    __aeabi_memclr                           0x080001cd   Thumb Code     4  rt_memclr.o(.text)
    __rt_memclr                              0x080001cd   Thumb Code     0  rt_memclr.o(.text)
    __aeabi_memclr4                          0x080001d1   Thumb Code     0  rt_memclr.o(.text)
    __aeabi_memclr8                          0x080001d1   Thumb Code     0  rt_memclr.o(.text)
    __rt_memclr_w                            0x080001d1   Thumb Code     4  rt_memclr.o(.text)
    __aeabi_uidiv                            0x080001d5   Thumb Code     0  aeabi_sdiv.o(.text)
    __aeabi_uidivmod                         0x080001d5   Thumb Code    20  aeabi_sdiv.o(.text)
    __aeabi_idiv                             0x080001e9   Thumb Code     0  aeabi_sdiv.o(.text)
    __aeabi_idivmod                          0x080001e9   Thumb Code   326  aeabi_sdiv.o(.text)
    __use_two_region_memory                  0x0800032f   Thumb Code     2  heapauxi.o(.text)
    __rt_heap_escrow                         0x08000331   Thumb Code     2  heapauxi.o(.text)
    __rt_heap_expand                         0x08000333   Thumb Code     2  heapauxi.o(.text)
    __aeabi_d2f                              0x08000335   Thumb Code     0  d2f.o(.text)
    _d2f                                     0x08000335   Thumb Code   120  d2f.o(.text)
    __aeabi_i2d_normalise                    0x080003b1   Thumb Code    66  dflti.o(.text)
    __aeabi_i2d                              0x080003f3   Thumb Code    16  dflti.o(.text)
    _dflt                                    0x080003f3   Thumb Code     0  dflti.o(.text)
    __aeabi_ui2d                             0x08000403   Thumb Code     6  dflti.o(.text)
    _dfltu                                   0x08000403   Thumb Code     0  dflti.o(.text)
    __aeabi_dmul                             0x08000409   Thumb Code     0  dmul.o(.text)
    _dmul                                    0x08000409   Thumb Code   558  dmul.o(.text)
    __aeabi_fdiv                             0x08000651   Thumb Code     0  fdiv.o(.text)
    _fdiv                                    0x08000651   Thumb Code   334  fdiv.o(.text)
    _frdiv                                   0x0800079f   Thumb Code     8  fdiv.o(.text)
    __aeabi_f2iz                             0x080007b1   Thumb Code     0  ffixi.o(.text)
    _ffix                                    0x080007b1   Thumb Code    76  ffixi.o(.text)
    __aeabi_f2uiz                            0x080007fd   Thumb Code     0  ffixui.o(.text)
    _ffixu                                   0x080007fd   Thumb Code    48  ffixui.o(.text)
    __aeabi_i2f_normalise                    0x0800082d   Thumb Code    72  fflti.o(.text)
    __aeabi_i2f                              0x08000875   Thumb Code    16  fflti.o(.text)
    _fflt                                    0x08000875   Thumb Code     0  fflti.o(.text)
    __aeabi_ui2f                             0x08000885   Thumb Code     6  fflti.o(.text)
    _ffltu                                   0x08000885   Thumb Code     0  fflti.o(.text)
    __fpl_fcmp_InfNaN                        0x0800088d   Thumb Code    96  fcmpin.o(.text)
    __user_libspace                          0x080008f1   Thumb Code     8  libspace.o(.text)
    __user_perproc_libspace                  0x080008f1   Thumb Code     0  libspace.o(.text)
    __user_perthread_libspace                0x080008f1   Thumb Code     0  libspace.o(.text)
    __fpl_cmpreturn                          0x080008f9   Thumb Code    46  cmpret.o(.text)
    __fpl_fcheck_NaN2                        0x08000929   Thumb Code    10  fnan2.o(.text)
    __user_setup_stackheap                   0x08000939   Thumb Code    62  sys_stackheap_outer.o(.text)
    exit                                     0x08000977   Thumb Code    16  exit.o(.text)
    __fpl_return_NaN                         0x08000987   Thumb Code    94  retnan.o(.text)
    ADC1_IRQHandler                          0x080009e5   Thumb Code    10  stm32g0xx_it.o(i.ADC1_IRQHandler)
    ADC_ConversionStop                       0x080009f5   Thumb Code   106  stm32g0xx_hal_adc.o(i.ADC_ConversionStop)
    ADC_Disable                              0x08000b21   Thumb Code   138  stm32g0xx_hal_adc.o(i.ADC_Disable)
    ADC_Enable                               0x08000bad   Thumb Code   200  stm32g0xx_hal_adc.o(i.ADC_Enable)
    AT24CXX_Init                             0x08000c85   Thumb Code     8  24cxx.o(i.AT24CXX_Init)
    AT24CXX_ReadOneByte                      0x08000c8d   Thumb Code   112  24cxx.o(i.AT24CXX_ReadOneByte)
    AT24CXX_WriteOneByte                     0x08000cfd   Thumb Code   104  24cxx.o(i.AT24CXX_WriteOneByte)
    BATCheckDIS                              0x08000d65   Thumb Code    22  apply.o(i.BATCheckDIS)
    BQ25895_Init                             0x08000d85   Thumb Code    46  bq25895.o(i.BQ25895_Init)
    BQ25895_MultiRead                        0x08000db9   Thumb Code    36  bq25895.o(i.BQ25895_MultiRead)
    BQ25895_Write                            0x08000de1   Thumb Code    44  bq25895.o(i.BQ25895_Write)
    BQ27441_Init                             0x08000e15   Thumb Code   638  bq27441.o(i.BQ27441_Init)
    BQ27441_MultiRead                        0x080010e1   Thumb Code   166  bq27441.o(i.BQ27441_MultiRead)
    BQ27441_Read                             0x0800118d   Thumb Code    38  bq27441.o(i.BQ27441_Read)
    BQ27441_WriteByte                        0x080011b9   Thumb Code    44  bq27441.o(i.BQ27441_WriteByte)
    BQ27441_WriteWord                        0x080011ed   Thumb Code    46  bq27441.o(i.BQ27441_WriteWord)
    DMA1_Ch4_7_DMAMUX1_OVR_IRQHandler        0x08001225   Thumb Code    28  stm32g0xx_it.o(i.DMA1_Ch4_7_DMAMUX1_OVR_IRQHandler)
    DMA1_Channel1_IRQHandler                 0x08001251   Thumb Code    10  stm32g0xx_it.o(i.DMA1_Channel1_IRQHandler)
    DMA1_Channel2_3_IRQHandler               0x08001261   Thumb Code    16  stm32g0xx_it.o(i.DMA1_Channel2_3_IRQHandler)
    EXTI2_3_IRQHandler                       0x08001321   Thumb Code    10  stm32g0xx_it.o(i.EXTI2_3_IRQHandler)
    Error_Handler                            0x0800132b   Thumb Code     6  main.o(i.Error_Handler)
    HAL_ADCEx_ChannelConfigReadyCallback     0x08001331   Thumb Code     2  stm32g0xx_hal_adc_ex.o(i.HAL_ADCEx_ChannelConfigReadyCallback)
    HAL_ADCEx_EndOfSamplingCallback          0x08001333   Thumb Code     2  stm32g0xx_hal_adc_ex.o(i.HAL_ADCEx_EndOfSamplingCallback)
    HAL_ADCEx_LevelOutOfWindow2Callback      0x08001335   Thumb Code     2  stm32g0xx_hal_adc_ex.o(i.HAL_ADCEx_LevelOutOfWindow2Callback)
    HAL_ADCEx_LevelOutOfWindow3Callback      0x08001337   Thumb Code     2  stm32g0xx_hal_adc_ex.o(i.HAL_ADCEx_LevelOutOfWindow3Callback)
    HAL_ADC_ConfigChannel                    0x08001339   Thumb Code   838  stm32g0xx_hal_adc.o(i.HAL_ADC_ConfigChannel)
    HAL_ADC_ConvCpltCallback                 0x0800169d   Thumb Code     2  stm32g0xx_hal_adc.o(i.HAL_ADC_ConvCpltCallback)
    HAL_ADC_ConvHalfCpltCallback             0x0800169f   Thumb Code     2  stm32g0xx_hal_adc.o(i.HAL_ADC_ConvHalfCpltCallback)
    HAL_ADC_ErrorCallback                    0x080016a1   Thumb Code     2  stm32g0xx_hal_adc.o(i.HAL_ADC_ErrorCallback)
    HAL_ADC_IRQHandler                       0x080016a3   Thumb Code   424  stm32g0xx_hal_adc.o(i.HAL_ADC_IRQHandler)
    HAL_ADC_Init                             0x0800184d   Thumb Code   634  stm32g0xx_hal_adc.o(i.HAL_ADC_Init)
    HAL_ADC_LevelOutOfWindowCallback         0x08001ae5   Thumb Code     2  stm32g0xx_hal_adc.o(i.HAL_ADC_LevelOutOfWindowCallback)
    HAL_ADC_MspInit                          0x08001ae9   Thumb Code   220  adc.o(i.HAL_ADC_MspInit)
    HAL_ADC_Start_DMA                        0x08001bd5   Thumb Code   186  stm32g0xx_hal_adc.o(i.HAL_ADC_Start_DMA)
    HAL_ADC_Stop_DMA                         0x08001ca1   Thumb Code   144  stm32g0xx_hal_adc.o(i.HAL_ADC_Stop_DMA)
    HAL_DMA_Abort                            0x08001d31   Thumb Code   146  stm32g0xx_hal_dma.o(i.HAL_DMA_Abort)
    HAL_DMA_Abort_IT                         0x08001dc9   Thumb Code   144  stm32g0xx_hal_dma.o(i.HAL_DMA_Abort_IT)
    HAL_DMA_GetState                         0x08001e5d   Thumb Code     8  stm32g0xx_hal_dma.o(i.HAL_DMA_GetState)
    HAL_DMA_IRQHandler                       0x08001e65   Thumb Code   282  stm32g0xx_hal_dma.o(i.HAL_DMA_IRQHandler)
    HAL_DMA_Init                             0x08001f85   Thumb Code   182  stm32g0xx_hal_dma.o(i.HAL_DMA_Init)
    HAL_DMA_Start_IT                         0x08002045   Thumb Code   204  stm32g0xx_hal_dma.o(i.HAL_DMA_Start_IT)
    HAL_GPIO_EXTI_Falling_Callback           0x08002111   Thumb Code    24  stm32g0xx_it.o(i.HAL_GPIO_EXTI_Falling_Callback)
    HAL_GPIO_EXTI_IRQHandler                 0x08002131   Thumb Code    46  stm32g0xx_hal_gpio.o(i.HAL_GPIO_EXTI_IRQHandler)
    HAL_GPIO_EXTI_Rising_Callback            0x08002165   Thumb Code     2  stm32g0xx_hal_gpio.o(i.HAL_GPIO_EXTI_Rising_Callback)
    HAL_GPIO_Init                            0x08002169   Thumb Code   454  stm32g0xx_hal_gpio.o(i.HAL_GPIO_Init)
    HAL_GPIO_ReadPin                         0x08002341   Thumb Code    18  stm32g0xx_hal_gpio.o(i.HAL_GPIO_ReadPin)
    HAL_GPIO_TogglePin                       0x08002353   Thumb Code    20  stm32g0xx_hal_gpio.o(i.HAL_GPIO_TogglePin)
    HAL_GPIO_WritePin                        0x08002367   Thumb Code    12  stm32g0xx_hal_gpio.o(i.HAL_GPIO_WritePin)
    HAL_GetTick                              0x08002375   Thumb Code     6  stm32g0xx_hal.o(i.HAL_GetTick)
    HAL_I2CEx_ConfigAnalogFilter             0x08002381   Thumb Code   110  stm32g0xx_hal_i2c_ex.o(i.HAL_I2CEx_ConfigAnalogFilter)
    HAL_I2CEx_ConfigDigitalFilter            0x080023ef   Thumb Code   112  stm32g0xx_hal_i2c_ex.o(i.HAL_I2CEx_ConfigDigitalFilter)
    HAL_I2C_AbortCpltCallback                0x0800245f   Thumb Code     2  stm32g0xx_hal_i2c.o(i.HAL_I2C_AbortCpltCallback)
    HAL_I2C_AddrCallback                     0x08002461   Thumb Code     2  stm32g0xx_hal_i2c.o(i.HAL_I2C_AddrCallback)
    HAL_I2C_ER_IRQHandler                    0x08002463   Thumb Code   140  stm32g0xx_hal_i2c.o(i.HAL_I2C_ER_IRQHandler)
    HAL_I2C_EV_IRQHandler                    0x080024ef   Thumb Code    30  stm32g0xx_hal_i2c.o(i.HAL_I2C_EV_IRQHandler)
    HAL_I2C_ErrorCallback                    0x0800250d   Thumb Code     2  stm32g0xx_hal_i2c.o(i.HAL_I2C_ErrorCallback)
    HAL_I2C_Init                             0x08002511   Thumb Code   208  stm32g0xx_hal_i2c.o(i.HAL_I2C_Init)
    HAL_I2C_ListenCpltCallback               0x080025e5   Thumb Code     2  stm32g0xx_hal_i2c.o(i.HAL_I2C_ListenCpltCallback)
    HAL_I2C_MasterRxCpltCallback             0x080025e7   Thumb Code     2  stm32g0xx_hal_i2c.o(i.HAL_I2C_MasterRxCpltCallback)
    HAL_I2C_MasterTxCpltCallback             0x080025e9   Thumb Code     2  stm32g0xx_hal_i2c.o(i.HAL_I2C_MasterTxCpltCallback)
    HAL_I2C_MemRxCpltCallback                0x080025eb   Thumb Code     2  stm32g0xx_hal_i2c.o(i.HAL_I2C_MemRxCpltCallback)
    HAL_I2C_MemTxCpltCallback                0x080025ed   Thumb Code     2  stm32g0xx_hal_i2c.o(i.HAL_I2C_MemTxCpltCallback)
    HAL_I2C_Mem_Read_DMA                     0x080025f1   Thumb Code   336  stm32g0xx_hal_i2c.o(i.HAL_I2C_Mem_Read_DMA)
    HAL_I2C_Mem_Write_DMA                    0x08002755   Thumb Code   336  stm32g0xx_hal_i2c.o(i.HAL_I2C_Mem_Write_DMA)
    HAL_I2C_MspInit                          0x080028b9   Thumb Code   502  i2c.o(i.HAL_I2C_MspInit)
    HAL_I2C_SlaveRxCpltCallback              0x08002ad5   Thumb Code     2  stm32g0xx_hal_i2c.o(i.HAL_I2C_SlaveRxCpltCallback)
    HAL_I2C_SlaveTxCpltCallback              0x08002ad7   Thumb Code     2  stm32g0xx_hal_i2c.o(i.HAL_I2C_SlaveTxCpltCallback)
    HAL_IncTick                              0x08002ad9   Thumb Code    16  stm32g0xx_hal.o(i.HAL_IncTick)
    HAL_Init                                 0x08002af1   Thumb Code    40  stm32g0xx_hal.o(i.HAL_Init)
    HAL_InitTick                             0x08002b1d   Thumb Code    82  stm32g0xx_hal.o(i.HAL_InitTick)
    HAL_MspInit                              0x08002b7d   Thumb Code    72  stm32g0xx_hal_msp.o(i.HAL_MspInit)
    HAL_NVIC_EnableIRQ                       0x08002bc9   Thumb Code    30  stm32g0xx_hal_cortex.o(i.HAL_NVIC_EnableIRQ)
    HAL_NVIC_SetPriority                     0x08002bed   Thumb Code    18  stm32g0xx_hal_cortex.o(i.HAL_NVIC_SetPriority)
    HAL_PWREx_ControlVoltageScaling          0x08002c01   Thumb Code    76  stm32g0xx_hal_pwr_ex.o(i.HAL_PWREx_ControlVoltageScaling)
    HAL_RCCEx_PeriphCLKConfig                0x08002c59   Thumb Code   504  stm32g0xx_hal_rcc_ex.o(i.HAL_RCCEx_PeriphCLKConfig)
    HAL_RCC_ClockConfig                      0x08002e5d   Thumb Code   442  stm32g0xx_hal_rcc.o(i.HAL_RCC_ClockConfig)
    HAL_RCC_GetHCLKFreq                      0x08003031   Thumb Code     6  stm32g0xx_hal_rcc.o(i.HAL_RCC_GetHCLKFreq)
    HAL_RCC_GetPCLK1Freq                     0x0800303d   Thumb Code    32  stm32g0xx_hal_rcc.o(i.HAL_RCC_GetPCLK1Freq)
    HAL_RCC_GetSysClockFreq                  0x08003065   Thumb Code   216  stm32g0xx_hal_rcc.o(i.HAL_RCC_GetSysClockFreq)
    HAL_RCC_OscConfig                        0x08003145   Thumb Code  1434  stm32g0xx_hal_rcc.o(i.HAL_RCC_OscConfig)
    HAL_SPI_Init                             0x080036f1   Thumb Code   268  stm32g0xx_hal_spi.o(i.HAL_SPI_Init)
    HAL_SPI_MspInit                          0x080037fd   Thumb Code   168  spi.o(i.HAL_SPI_MspInit)
    HAL_SPI_Receive                          0x080038b1   Thumb Code   458  stm32g0xx_hal_spi.o(i.HAL_SPI_Receive)
    HAL_SPI_Transmit                         0x08003a7b   Thumb Code   460  stm32g0xx_hal_spi.o(i.HAL_SPI_Transmit)
    HAL_SPI_TransmitReceive                  0x08003c47   Thumb Code   618  stm32g0xx_hal_spi.o(i.HAL_SPI_TransmitReceive)
    HAL_SYSCFG_StrobeDBattpinsConfig         0x08003eb1   Thumb Code    18  stm32g0xx_hal.o(i.HAL_SYSCFG_StrobeDBattpinsConfig)
    HAL_SYSTICK_CLKSourceConfig              0x08003ec9   Thumb Code    32  stm32g0xx_hal_cortex.o(i.HAL_SYSTICK_CLKSourceConfig)
    HAL_SYSTICK_Config                       0x08003eed   Thumb Code    46  stm32g0xx_hal_cortex.o(i.HAL_SYSTICK_Config)
    HAL_TIMEx_Break2Callback                 0x08003f25   Thumb Code     2  stm32g0xx_hal_tim_ex.o(i.HAL_TIMEx_Break2Callback)
    HAL_TIMEx_BreakCallback                  0x08003f27   Thumb Code     2  stm32g0xx_hal_tim_ex.o(i.HAL_TIMEx_BreakCallback)
    HAL_TIMEx_CommutCallback                 0x08003f29   Thumb Code     2  stm32g0xx_hal_tim_ex.o(i.HAL_TIMEx_CommutCallback)
    HAL_TIMEx_ConfigBreakDeadTime            0x08003f2d   Thumb Code   252  stm32g0xx_hal_tim_ex.o(i.HAL_TIMEx_ConfigBreakDeadTime)
    HAL_TIMEx_MasterConfigSynchronization    0x0800402d   Thumb Code   140  stm32g0xx_hal_tim_ex.o(i.HAL_TIMEx_MasterConfigSynchronization)
    HAL_TIM_Base_Init                        0x080040c5   Thumb Code   108  stm32g0xx_hal_tim.o(i.HAL_TIM_Base_Init)
    HAL_TIM_Base_MspInit                     0x08004131   Thumb Code   308  tim.o(i.HAL_TIM_Base_MspInit)
    HAL_TIM_Base_Start_IT                    0x08004285   Thumb Code   104  stm32g0xx_hal_tim.o(i.HAL_TIM_Base_Start_IT)
    HAL_TIM_Base_Stop_IT                     0x080042fd   Thumb Code    64  stm32g0xx_hal_tim.o(i.HAL_TIM_Base_Stop_IT)
    HAL_TIM_ErrorCallback                    0x08004341   Thumb Code     2  stm32g0xx_hal_tim.o(i.HAL_TIM_ErrorCallback)
    HAL_TIM_IC_CaptureCallback               0x08004343   Thumb Code     2  stm32g0xx_hal_tim.o(i.HAL_TIM_IC_CaptureCallback)
    HAL_TIM_IRQHandler                       0x08004345   Thumb Code   498  stm32g0xx_hal_tim.o(i.HAL_TIM_IRQHandler)
    HAL_TIM_MspPostInit                      0x0800453d   Thumb Code   270  tim.o(i.HAL_TIM_MspPostInit)
    HAL_TIM_OC_DelayElapsedCallback          0x08004665   Thumb Code     2  stm32g0xx_hal_tim.o(i.HAL_TIM_OC_DelayElapsedCallback)
    HAL_TIM_PWM_ConfigChannel                0x08004667   Thumb Code   378  stm32g0xx_hal_tim.o(i.HAL_TIM_PWM_ConfigChannel)
    HAL_TIM_PWM_Init                         0x080047e1   Thumb Code   108  stm32g0xx_hal_tim.o(i.HAL_TIM_PWM_Init)
    HAL_TIM_PWM_MspInit                      0x0800484d   Thumb Code    40  tim.o(i.HAL_TIM_PWM_MspInit)
    HAL_TIM_PWM_PulseFinishedCallback        0x0800487d   Thumb Code     2  stm32g0xx_hal_tim.o(i.HAL_TIM_PWM_PulseFinishedCallback)
    HAL_TIM_PWM_PulseFinishedHalfCpltCallback 0x0800487f   Thumb Code     2  stm32g0xx_hal_tim.o(i.HAL_TIM_PWM_PulseFinishedHalfCpltCallback)
    HAL_TIM_PWM_Start                        0x08004881   Thumb Code   272  stm32g0xx_hal_tim.o(i.HAL_TIM_PWM_Start)
    HAL_TIM_PWM_Start_DMA                    0x080049a9   Thumb Code   632  stm32g0xx_hal_tim.o(i.HAL_TIM_PWM_Start_DMA)
    HAL_TIM_PWM_Stop                         0x08004c45   Thumb Code   210  stm32g0xx_hal_tim.o(i.HAL_TIM_PWM_Stop)
    HAL_TIM_PeriodElapsedCallback            0x08004d2d   Thumb Code   612  stm32g0xx_it.o(i.HAL_TIM_PeriodElapsedCallback)
    HAL_TIM_TriggerCallback                  0x08004fed   Thumb Code     2  stm32g0xx_hal_tim.o(i.HAL_TIM_TriggerCallback)
    HAL_UARTEx_DisableFifoMode               0x08004fef   Thumb Code    84  stm32g0xx_hal_uart_ex.o(i.HAL_UARTEx_DisableFifoMode)
    HAL_UARTEx_RxEventCallback               0x08005043   Thumb Code     2  stm32g0xx_hal_uart.o(i.HAL_UARTEx_RxEventCallback)
    HAL_UARTEx_RxFifoFullCallback            0x08005045   Thumb Code     2  stm32g0xx_hal_uart_ex.o(i.HAL_UARTEx_RxFifoFullCallback)
    HAL_UARTEx_SetRxFifoThreshold            0x08005047   Thumb Code    96  stm32g0xx_hal_uart_ex.o(i.HAL_UARTEx_SetRxFifoThreshold)
    HAL_UARTEx_SetTxFifoThreshold            0x080050a7   Thumb Code    94  stm32g0xx_hal_uart_ex.o(i.HAL_UARTEx_SetTxFifoThreshold)
    HAL_UARTEx_TxFifoEmptyCallback           0x08005105   Thumb Code     2  stm32g0xx_hal_uart_ex.o(i.HAL_UARTEx_TxFifoEmptyCallback)
    HAL_UARTEx_WakeupCallback                0x08005107   Thumb Code     2  stm32g0xx_hal_uart_ex.o(i.HAL_UARTEx_WakeupCallback)
    HAL_UART_ErrorCallback                   0x08005109   Thumb Code     2  stm32g0xx_hal_uart.o(i.HAL_UART_ErrorCallback)
    HAL_UART_IRQHandler                      0x0800510d   Thumb Code  1094  stm32g0xx_hal_uart.o(i.HAL_UART_IRQHandler)
    HAL_UART_Init                            0x08005553   Thumb Code   130  stm32g0xx_hal_uart.o(i.HAL_UART_Init)
    HAL_UART_MspInit                         0x080055d5   Thumb Code   216  usart.o(i.HAL_UART_MspInit)
    HAL_UART_Receive                         0x080056c1   Thumb Code   326  stm32g0xx_hal_uart.o(i.HAL_UART_Receive)
    HAL_UART_Transmit_DMA                    0x0800580d   Thumb Code   192  stm32g0xx_hal_uart.o(i.HAL_UART_Transmit_DMA)
    HAL_UART_TxCpltCallback                  0x080058d9   Thumb Code     2  stm32g0xx_hal_uart.o(i.HAL_UART_TxCpltCallback)
    HAL_UART_TxHalfCpltCallback              0x080058db   Thumb Code     2  stm32g0xx_hal_uart.o(i.HAL_UART_TxHalfCpltCallback)
    HX711_Init                               0x080058dd   Thumb Code    12  hx711.o(i.HX711_Init)
    HX711_Read                               0x080058ed   Thumb Code   132  hx711.o(i.HX711_Read)
    HardFault_Handler                        0x08005975   Thumb Code     4  stm32g0xx_it.o(i.HardFault_Handler)
    HeatPIDInit                              0x08005979   Thumb Code    40  pid.o(i.HeatPIDInit)
    HeatPWMSet                               0x080059b5   Thumb Code     6  heat.o(i.HeatPWMSet)
    HeatPower                                0x080059c1   Thumb Code    28  heat.o(i.HeatPower)
    I2C1_IRQHandler                          0x080059e1   Thumb Code    34  stm32g0xx_it.o(i.I2C1_IRQHandler)
    I2C2_IRQHandler                          0x08005a09   Thumb Code    34  stm32g0xx_it.o(i.I2C2_IRQHandler)
    IIC_Ack                                  0x08006969   Thumb Code    98  myiic.o(i.IIC_Ack)
    IIC_Init                                 0x080069d1   Thumb Code    60  myiic.o(i.IIC_Init)
    IIC_NAck                                 0x08006a11   Thumb Code    96  myiic.o(i.IIC_NAck)
    IIC_Read_Byte                            0x08006a75   Thumb Code   118  myiic.o(i.IIC_Read_Byte)
    IIC_Send_Byte                            0x08006af1   Thumb Code   146  myiic.o(i.IIC_Send_Byte)
    IIC_Start                                0x08006b89   Thumb Code    98  myiic.o(i.IIC_Start)
    IIC_Stop                                 0x08006bf1   Thumb Code    98  myiic.o(i.IIC_Stop)
    IIC_Wait_Ack                             0x08006c59   Thumb Code   112  myiic.o(i.IIC_Wait_Ack)
    LEDUpdate                                0x08006ccd   Thumb Code    78  ws2812b.o(i.LEDUpdate)
    MX_ADC1_Init                             0x08006de1   Thumb Code   188  adc.o(i.MX_ADC1_Init)
    MX_DMA_Init                              0x08006ead   Thumb Code    80  dma.o(i.MX_DMA_Init)
    MX_GPIO_Init                             0x08006f01   Thumb Code   552  gpio.o(i.MX_GPIO_Init)
    MX_I2C1_Init                             0x08007141   Thumb Code    80  i2c.o(i.MX_I2C1_Init)
    MX_I2C2_Init                             0x0800719d   Thumb Code    80  i2c.o(i.MX_I2C2_Init)
    MX_SPI1_Init                             0x080071f9   Thumb Code    74  spi.o(i.MX_SPI1_Init)
    MX_TIM14_Init                            0x0800724d   Thumb Code   104  tim.o(i.MX_TIM14_Init)
    MX_TIM16_Init                            0x080072bd   Thumb Code   160  tim.o(i.MX_TIM16_Init)
    MX_TIM17_Init                            0x08007365   Thumb Code   162  tim.o(i.MX_TIM17_Init)
    MX_TIM3_Init                             0x08007411   Thumb Code   122  tim.o(i.MX_TIM3_Init)
    MX_TIM6_Init                             0x08007495   Thumb Code    70  tim.o(i.MX_TIM6_Init)
    MX_TIM7_Init                             0x080074ed   Thumb Code    76  tim.o(i.MX_TIM7_Init)
    MX_USART1_UART_Init                      0x08007549   Thumb Code   130  usart.o(i.MX_USART1_UART_Init)
    MotorChecking                            0x080075d5   Thumb Code   126  tmc5130.o(i.MotorChecking)
    MotorCompare                             0x0800765d   Thumb Code    86  tmc5130.o(i.MotorCompare)
    MotorSetHome                             0x080076bd   Thumb Code    20  tmc5130.o(i.MotorSetHome)
    NMI_Handler                              0x080076d1   Thumb Code     4  stm32g0xx_it.o(i.NMI_Handler)
    PID_realize                              0x080076d5   Thumb Code   186  pid.o(i.PID_realize)
    PWM_WS2812B_Init                         0x08007791   Thumb Code    20  ws2812b.o(i.PWM_WS2812B_Init)
    PWM_WS2812B_Show                         0x080077a9   Thumb Code    26  ws2812b.o(i.PWM_WS2812B_Show)
    PWM_WS2812B_Write_24Bits                 0x080077cd   Thumb Code    64  ws2812b.o(i.PWM_WS2812B_Write_24Bits)
    PendSV_Handler                           0x08007811   Thumb Code     2  stm32g0xx_it.o(i.PendSV_Handler)
    PowerStateUpdate                         0x08007815   Thumb Code    50  apply.o(i.PowerStateUpdate)
    SVC_Handler                              0x08007b21   Thumb Code     2  stm32g0xx_it.o(i.SVC_Handler)
    SW_CMDHandler                            0x08007b25   Thumb Code   266  apply.o(i.SW_CMDHandler)
    ScreenTimerStart                         0x08007c4d   Thumb Code    98  screen.o(i.ScreenTimerStart)
    ScreenUpdateForce                        0x08007cbd   Thumb Code   188  screen.o(i.ScreenUpdateForce)
    ScreenUpdateSOC                          0x08007d95   Thumb Code   102  screen.o(i.ScreenUpdateSOC)
    ScreenUpdateTemperature                  0x08007e09   Thumb Code   144  screen.o(i.ScreenUpdateTemperature)
    ScreenWorkModeQuit                       0x08007ea9   Thumb Code    98  screen.o(i.ScreenWorkModeQuit)
    SysTick_Handler                          0x08007f19   Thumb Code     8  stm32g0xx_it.o(i.SysTick_Handler)
    SystemClock_Config                       0x08007f21   Thumb Code   110  main.o(i.SystemClock_Config)
    SystemInit                               0x08007f8f   Thumb Code     2  system_stm32g0xx.o(i.SystemInit)
    SystemPowerDown                          0x08007f91   Thumb Code    36  apply.o(i.SystemPowerDown)
    TIM6_IRQHandler                          0x08007fc9   Thumb Code    10  stm32g0xx_it.o(i.TIM6_IRQHandler)
    TIM7_IRQHandler                          0x08007fd9   Thumb Code    10  stm32g0xx_it.o(i.TIM7_IRQHandler)
    TIM_Base_SetConfig                       0x08007fe9   Thumb Code   134  stm32g0xx_hal_tim.o(i.TIM_Base_SetConfig)
    TIM_CCxChannelCmd                        0x08008089   Thumb Code    34  stm32g0xx_hal_tim.o(i.TIM_CCxChannelCmd)
    TIM_DMADelayPulseHalfCplt                0x0800811b   Thumb Code    64  stm32g0xx_hal_tim.o(i.TIM_DMADelayPulseHalfCplt)
    TIM_DMAError                             0x0800815b   Thumb Code    96  stm32g0xx_hal_tim.o(i.TIM_DMAError)
    TIM_OC2_SetConfig                        0x0800826d   Thumb Code   170  stm32g0xx_hal_tim.o(i.TIM_OC2_SetConfig)
    TMC5130_Init                             0x0800854d   Thumb Code   158  tmc5130.o(i.TMC5130_Init)
    TMC5130_Read                             0x08008605   Thumb Code   104  tmc5130.o(i.TMC5130_Read)
    TMC5130_Write                            0x08008671   Thumb Code    72  tmc5130.o(i.TMC5130_Write)
    TMP114_Read                              0x080086bd   Thumb Code    26  tmp114.o(i.TMP114_Read)
    TaskProcessing                           0x080086dd   Thumb Code    98  apply.o(i.TaskProcessing)
    TmpRaw2Ture                              0x08008755   Thumb Code    42  tmp114.o(i.TmpRaw2Ture)
    UART1_CMDHandler                         0x08008785   Thumb Code   262  apply.o(i.UART1_CMDHandler)
    UART_AdvFeatureConfig                    0x08008925   Thumb Code   240  stm32g0xx_hal_uart.o(i.UART_AdvFeatureConfig)
    UART_CheckIdleState                      0x08008a15   Thumb Code   118  stm32g0xx_hal_uart.o(i.UART_CheckIdleState)
    UART_SetConfig                           0x08008c85   Thumb Code   520  stm32g0xx_hal_uart.o(i.UART_SetConfig)
    UART_WaitOnFlagUntilTimeout              0x08008eb5   Thumb Code   288  stm32g0xx_hal_uart.o(i.UART_WaitOnFlagUntilTimeout)
    USART1_IRQHandler                        0x08008fd5   Thumb Code   234  stm32g0xx_it.o(i.USART1_IRQHandler)
    VelocityModeMove                         0x080090cd   Thumb Code    60  tmc5130.o(i.VelocityModeMove)
    __ARM_common_switch8                     0x0800910d   Thumb Code    28  apply.o(i.__ARM_common_switch8)
    _sys_exit                                0x080091ad   Thumb Code     4  screen.o(i._sys_exit)
    delay_init                               0x080091b1   Thumb Code    16  delay.o(i.delay_init)
    delay_ms                                 0x080091c5   Thumb Code    24  delay.o(i.delay_ms)
    delay_us                                 0x080091dd   Thumb Code    62  delay.o(i.delay_us)
    main                                     0x08009225   Thumb Code   518  main.o(i.main)
    __aeabi_fadd                             0x0800947d   Thumb Code     0  faddsub.o(x$fpl$fadd)
    _fadd                                    0x0800947d   Thumb Code   134  faddsub.o(x$fpl$fadd)
    __aeabi_fmul                             0x08009509   Thumb Code     0  fmul.o(x$fpl$fmul)
    _fmul                                    0x08009509   Thumb Code   172  fmul.o(x$fpl$fmul)
    __aeabi_cfrcmple                         0x080095b9   Thumb Code     0  frlef.o(x$fpl$frleqf)
    _frcmple                                 0x080095b9   Thumb Code    84  frlef.o(x$fpl$frleqf)
    __aeabi_fsub                             0x08009611   Thumb Code     0  faddsub.o(x$fpl$fsub)
    _fsub                                    0x08009611   Thumb Code   204  faddsub.o(x$fpl$fsub)
    __I$use$fp                               0x080096e0   Number         0  usenofp.o(x$fpl$usenofp)
    UARTPrescTable                           0x080096e8   Data          24  stm32g0xx_hal_uart.o(.constdata)
    AHBPrescTable                            0x08009720   Data          64  system_stm32g0xx.o(.constdata)
    APBPrescTable                            0x08009760   Data          32  system_stm32g0xx.o(.constdata)
    Region$$Table$$Base                      0x080097c0   Number         0  anon$$obj.o(Region$$Table)
    Region$$Table$$Limit                     0x080097e0   Number         0  anon$$obj.o(Region$$Table)
    MotorSpeed                               0x20000004   Data           4  tmc5130.o(.data)
    tempa                                    0x20000008   Data           4  tmc5130.o(.data)
    BQ25895TempData                          0x2000000c   Data           1  bq25895.o(.data)
    temp1                                    0x2000000d   Data           1  bq25895.o(.data)
    ForceRawOffset                           0x20000010   Data           4  apply.o(.data)
    ForceRawActual                           0x20000014   Data           4  apply.o(.data)
    PWR_STATE                                0x20000018   Data           1  apply.o(.data)
    WorkMode                                 0x20000019   Data           1  apply.o(.data)
    PowerState                               0x2000001a   Data           1  apply.o(.data)
    LastPowerState                           0x2000001b   Data           1  apply.o(.data)
    ForceSet                                 0x2000001c   Data           1  apply.o(.data)
    ForceRawSet                              0x20000020   Data           4  apply.o(.data)
    ForceRawSetAct                           0x20000024   Data           4  apply.o(.data)
    MotorState                               0x20000028   Data           1  apply.o(.data)
    MotorCompareState                        0x20000029   Data           1  apply.o(.data)
    BQ27441_TempData                         0x2000002a   Data           2  bq27441.o(.data)
    NEW_DC_MSB                               0x2000002c   Data           1  bq27441.o(.data)
    NEW_DC_LSB                               0x2000002d   Data           1  bq27441.o(.data)
    NEW_DE_MSB                               0x2000002e   Data           1  bq27441.o(.data)
    NEW_DE_LSB                               0x2000002f   Data           1  bq27441.o(.data)
    NEW_TV_MSB                               0x20000030   Data           1  bq27441.o(.data)
    NEW_TV_LSB                               0x20000031   Data           1  bq27441.o(.data)
    NEW_TR_MSB                               0x20000032   Data           1  bq27441.o(.data)
    NEW_TR_LSB                               0x20000033   Data           1  bq27441.o(.data)
    OLD_DC_LSB                               0x20000034   Data           1  bq27441.o(.data)
    OLD_DC_MSB                               0x20000035   Data           1  bq27441.o(.data)
    OLD_DE_LSB                               0x20000036   Data           1  bq27441.o(.data)
    OLD_DE_MSB                               0x20000037   Data           1  bq27441.o(.data)
    OLD_TV_LSB                               0x20000038   Data           1  bq27441.o(.data)
    OLD_TV_MSB                               0x20000039   Data           1  bq27441.o(.data)
    OLD_TR_LSB                               0x2000003a   Data           1  bq27441.o(.data)
    OLD_TR_MSB                               0x2000003b   Data           1  bq27441.o(.data)
    CHKSUM                                   0x2000003c   Data           1  bq27441.o(.data)
    BQ27441_FLAG_LSB                         0x2000003d   Data           1  bq27441.o(.data)
    BQ27441_CONTROL_STATUS_MSB               0x2000003e   Data           1  bq27441.o(.data)
    __stdout                                 0x20000040   Data           4  screen.o(.data)
    USART1_RX_STA                            0x20000044   Data           2  screen.o(.data)
    aRxBuffer                                0x20000046   Data           1  screen.o(.data)
    ScreenCmdAdd                             0x20000048   Data           2  screen.o(.data)
    ScreenCmdData                            0x2000004a   Data           2  screen.o(.data)
    Forcevalue                               0x2000004c   Data           2  screen.o(.data)
    EyeTmpRaw                                0x20000050   Data           2  tmp114.o(.data)
    EyeTmp                                   0x20000054   Data           4  tmp114.o(.data)
    HeatPWMVal                               0x20000058   Data           1  heat.o(.data)
    RGB_DATA                                 0x2000005c   Data           4  ws2812b.o(.data)
    LEDDir                                   0x20000060   Data           1  ws2812b.o(.data)
    PWM_SCALE                                0x20000064   Data           4  main.o(.data)
    GCONF                                    0x20000068   Data           4  main.o(.data)
    XACTUAL                                  0x2000006c   Data           4  main.o(.data)
    ADC_VALUE                                0x20000070   Data           6  main.o(.data)
    tempbq1                                  0x20000076   Data           1  main.o(.data)
    tempbq2                                  0x20000077   Data           1  main.o(.data)
    temptmp                                  0x20000078   Data           2  main.o(.data)
    tempdata                                 0x2000007c   Data           4  main.o(.data)
    tempdata1                                0x20000080   Data           4  main.o(.data)
    temp2                                    0x20000084   Data           4  main.o(.data)
    ForceRawSetAct_temp                      0x20000088   Data           4  main.o(.data)
    ForceRawSetAct_temp2                     0x2000008c   Data           4  main.o(.data)
    Force                                    0x20000090   Data           4  main.o(.data)
    Flag_100ms_Toggle                        0x20000094   Data           1  main.o(.data)
    SW_CNT_Flag                              0x20000096   Data           1  stm32g0xx_it.o(.data)
    Tim6Cnt                                  0x20000098   Data           2  stm32g0xx_it.o(.data)
    Tim7Cnt                                  0x2000009a   Data           2  stm32g0xx_it.o(.data)
    Flag_3200ms                              0x2000009c   Data           1  stm32g0xx_it.o(.data)
    Flag_800ms                               0x2000009d   Data           1  stm32g0xx_it.o(.data)
    Flag_400ms                               0x2000009e   Data           1  stm32g0xx_it.o(.data)
    Flag_200ms                               0x2000009f   Data           1  stm32g0xx_it.o(.data)
    Flag_100ms                               0x200000a0   Data           1  stm32g0xx_it.o(.data)
    uwTick                                   0x200000a4   Data           4  stm32g0xx_hal.o(.data)
    uwTickPrio                               0x200000a8   Data           4  stm32g0xx_hal.o(.data)
    uwTickFreq                               0x200000ac   Data           1  stm32g0xx_hal.o(.data)
    SystemCoreClock                          0x200000b0   Data           4  system_stm32g0xx.o(.data)
    BQ25895Reg                               0x200000b4   Data          21  bq25895.o(.bss)
    BQ27441                                  0x200000ca   Data          10  bq27441.o(.bss)
    USART1_RX_BUF                            0x200000d4   Data          20  screen.o(.bss)
    SendBuff                                 0x200000e8   Data          15  screen.o(.bss)
    HeatPID                                  0x200000f8   Data          40  pid.o(.bss)
    Single_LED_Buffer                        0x20000120   Data         340  ws2812b.o(.bss)
    hadc1                                    0x20000274   Data         100  adc.o(.bss)
    hdma_adc1                                0x200002d8   Data          92  adc.o(.bss)
    hi2c1                                    0x20000334   Data          84  i2c.o(.bss)
    hi2c2                                    0x20000388   Data          84  i2c.o(.bss)
    hdma_i2c1_rx                             0x200003dc   Data          92  i2c.o(.bss)
    hdma_i2c1_tx                             0x20000438   Data          92  i2c.o(.bss)
    hdma_i2c2_rx                             0x20000494   Data          92  i2c.o(.bss)
    hdma_i2c2_tx                             0x200004f0   Data          92  i2c.o(.bss)
    hspi1                                    0x2000054c   Data         100  spi.o(.bss)
    htim3                                    0x200005b0   Data          76  tim.o(.bss)
    htim6                                    0x200005fc   Data          76  tim.o(.bss)
    htim7                                    0x20000648   Data          76  tim.o(.bss)
    htim14                                   0x20000694   Data          76  tim.o(.bss)
    htim16                                   0x200006e0   Data          76  tim.o(.bss)
    htim17                                   0x2000072c   Data          76  tim.o(.bss)
    hdma_tim16_ch1                           0x20000778   Data          92  tim.o(.bss)
    huart1                                   0x200007d4   Data         148  usart.o(.bss)
    hdma_usart1_tx                           0x20000868   Data          92  usart.o(.bss)
    __libspace_start                         0x200008c4   Data          96  libspace.o(.bss)
    __temporary_stack_top$libspace           0x20000924   Data           0  libspace.o(.bss)



==============================================================================

Memory Map of the image

  Image Entry point : 0x080000b9

  Load Region LR_IROM1 (Base: 0x08000000, Size: 0x00009894, Max: 0x00020000, ABSOLUTE)

    Execution Region ER_IROM1 (Exec base: 0x08000000, Load base: 0x08000000, Size: 0x000097e0, Max: 0x00020000, ABSOLUTE)

    Exec Addr    Load Addr    Size         Type   Attr      Idx    E Section Name        Object

    0x08000000   0x08000000   0x000000b8   Data   RO            3    RESET               startup_stm32g070xx.o
    0x080000b8   0x080000b8   0x00000008   Code   RO         5899  * !!!main             c_p.l(__main.o)
    0x080000c0   0x080000c0   0x0000003c   Code   RO         6156    !!!scatter          c_p.l(__scatter.o)
    0x080000fc   0x080000fc   0x0000001a   Code   RO         6158    !!handler_copy      c_p.l(__scatter_copy.o)
    0x08000116   0x08000116   0x00000002   PAD
    0x08000118   0x08000118   0x0000001c   Code   RO         6160    !!handler_zi        c_p.l(__scatter_zi.o)
    0x08000134   0x08000134   0x00000002   Code   RO         6092    .ARM.Collect$$libinit$$00000000  c_p.l(libinit.o)
    0x08000136   0x08000136   0x00000000   Code   RO         5967    .ARM.Collect$$libinit$$00000002  c_p.l(libinit2.o)
    0x08000136   0x08000136   0x00000000   Code   RO         5969    .ARM.Collect$$libinit$$00000004  c_p.l(libinit2.o)
    0x08000136   0x08000136   0x00000000   Code   RO         5972    .ARM.Collect$$libinit$$0000000A  c_p.l(libinit2.o)
    0x08000136   0x08000136   0x00000000   Code   RO         5974    .ARM.Collect$$libinit$$0000000C  c_p.l(libinit2.o)
    0x08000136   0x08000136   0x00000000   Code   RO         5976    .ARM.Collect$$libinit$$0000000E  c_p.l(libinit2.o)
    0x08000136   0x08000136   0x00000000   Code   RO         5979    .ARM.Collect$$libinit$$00000011  c_p.l(libinit2.o)
    0x08000136   0x08000136   0x00000000   Code   RO         5981    .ARM.Collect$$libinit$$00000013  c_p.l(libinit2.o)
    0x08000136   0x08000136   0x00000000   Code   RO         5983    .ARM.Collect$$libinit$$00000015  c_p.l(libinit2.o)
    0x08000136   0x08000136   0x00000000   Code   RO         5985    .ARM.Collect$$libinit$$00000017  c_p.l(libinit2.o)
    0x08000136   0x08000136   0x00000000   Code   RO         5987    .ARM.Collect$$libinit$$00000019  c_p.l(libinit2.o)
    0x08000136   0x08000136   0x00000000   Code   RO         5989    .ARM.Collect$$libinit$$0000001B  c_p.l(libinit2.o)
    0x08000136   0x08000136   0x00000000   Code   RO         5991    .ARM.Collect$$libinit$$0000001D  c_p.l(libinit2.o)
    0x08000136   0x08000136   0x00000000   Code   RO         5993    .ARM.Collect$$libinit$$0000001F  c_p.l(libinit2.o)
    0x08000136   0x08000136   0x00000000   Code   RO         5995    .ARM.Collect$$libinit$$00000021  c_p.l(libinit2.o)
    0x08000136   0x08000136   0x00000000   Code   RO         5997    .ARM.Collect$$libinit$$00000023  c_p.l(libinit2.o)
    0x08000136   0x08000136   0x00000000   Code   RO         5999    .ARM.Collect$$libinit$$00000025  c_p.l(libinit2.o)
    0x08000136   0x08000136   0x00000000   Code   RO         6003    .ARM.Collect$$libinit$$0000002C  c_p.l(libinit2.o)
    0x08000136   0x08000136   0x00000000   Code   RO         6005    .ARM.Collect$$libinit$$0000002E  c_p.l(libinit2.o)
    0x08000136   0x08000136   0x00000000   Code   RO         6007    .ARM.Collect$$libinit$$00000030  c_p.l(libinit2.o)
    0x08000136   0x08000136   0x00000000   Code   RO         6009    .ARM.Collect$$libinit$$00000032  c_p.l(libinit2.o)
    0x08000136   0x08000136   0x00000002   Code   RO         6010    .ARM.Collect$$libinit$$00000033  c_p.l(libinit2.o)
    0x08000138   0x08000138   0x00000002   Code   RO         6153    .ARM.Collect$$libshutdown$$00000000  c_p.l(libshutdown.o)
    0x0800013a   0x0800013a   0x00000000   Code   RO         6109    .ARM.Collect$$libshutdown$$00000002  c_p.l(libshutdown2.o)
    0x0800013a   0x0800013a   0x00000000   Code   RO         6111    .ARM.Collect$$libshutdown$$00000004  c_p.l(libshutdown2.o)
    0x0800013a   0x0800013a   0x00000000   Code   RO         6113    .ARM.Collect$$libshutdown$$00000006  c_p.l(libshutdown2.o)
    0x0800013a   0x0800013a   0x00000000   Code   RO         6116    .ARM.Collect$$libshutdown$$00000009  c_p.l(libshutdown2.o)
    0x0800013a   0x0800013a   0x00000000   Code   RO         6119    .ARM.Collect$$libshutdown$$0000000C  c_p.l(libshutdown2.o)
    0x0800013a   0x0800013a   0x00000000   Code   RO         6121    .ARM.Collect$$libshutdown$$0000000E  c_p.l(libshutdown2.o)
    0x0800013a   0x0800013a   0x00000000   Code   RO         6124    .ARM.Collect$$libshutdown$$00000011  c_p.l(libshutdown2.o)
    0x0800013a   0x0800013a   0x00000002   Code   RO         6125    .ARM.Collect$$libshutdown$$00000012  c_p.l(libshutdown2.o)
    0x0800013c   0x0800013c   0x00000000   Code   RO         5928    .ARM.Collect$$rtentry$$00000000  c_p.l(__rtentry.o)
    0x0800013c   0x0800013c   0x00000000   Code   RO         6020    .ARM.Collect$$rtentry$$00000002  c_p.l(__rtentry2.o)
    0x0800013c   0x0800013c   0x00000006   Code   RO         6032    .ARM.Collect$$rtentry$$00000004  c_p.l(__rtentry4.o)
    0x08000142   0x08000142   0x00000000   Code   RO         6022    .ARM.Collect$$rtentry$$00000009  c_p.l(__rtentry2.o)
    0x08000142   0x08000142   0x00000004   Code   RO         6023    .ARM.Collect$$rtentry$$0000000A  c_p.l(__rtentry2.o)
    0x08000146   0x08000146   0x00000000   Code   RO         6025    .ARM.Collect$$rtentry$$0000000C  c_p.l(__rtentry2.o)
    0x08000146   0x08000146   0x00000008   Code   RO         6026    .ARM.Collect$$rtentry$$0000000D  c_p.l(__rtentry2.o)
    0x0800014e   0x0800014e   0x00000002   Code   RO         6096    .ARM.Collect$$rtexit$$00000000  c_p.l(rtexit.o)
    0x08000150   0x08000150   0x00000000   Code   RO         6129    .ARM.Collect$$rtexit$$00000002  c_p.l(rtexit2.o)
    0x08000150   0x08000150   0x00000004   Code   RO         6130    .ARM.Collect$$rtexit$$00000003  c_p.l(rtexit2.o)
    0x08000154   0x08000154   0x00000006   Code   RO         6131    .ARM.Collect$$rtexit$$00000004  c_p.l(rtexit2.o)
    0x0800015a   0x0800015a   0x00000002   PAD
    0x0800015c   0x0800015c   0x00000038   Code   RO            4    .text               startup_stm32g070xx.o
    0x08000194   0x08000194   0x00000040   Code   RO         5891    .text               c_p.l(rt_memclr.o)
    0x080001d4   0x080001d4   0x0000015a   Code   RO         5893    .text               c_p.l(aeabi_sdiv.o)
    0x0800032e   0x0800032e   0x00000006   Code   RO         5897    .text               c_p.l(heapauxi.o)
    0x08000334   0x08000334   0x0000007c   Code   RO         5901    .text               fz_ps.l(d2f.o)
    0x080003b0   0x080003b0   0x00000058   Code   RO         5903    .text               fz_ps.l(dflti.o)
    0x08000408   0x08000408   0x00000248   Code   RO         5905    .text               fz_ps.l(dmul.o)
    0x08000650   0x08000650   0x00000160   Code   RO         5913    .text               fz_ps.l(fdiv.o)
    0x080007b0   0x080007b0   0x0000004c   Code   RO         5916    .text               fz_ps.l(ffixi.o)
    0x080007fc   0x080007fc   0x00000030   Code   RO         5918    .text               fz_ps.l(ffixui.o)
    0x0800082c   0x0800082c   0x0000005e   Code   RO         5920    .text               fz_ps.l(fflti.o)
    0x0800088a   0x0800088a   0x00000002   PAD
    0x0800088c   0x0800088c   0x00000064   Code   RO         6011    .text               fz_ps.l(fcmpin.o)
    0x080008f0   0x080008f0   0x00000008   Code   RO         6016    .text               c_p.l(libspace.o)
    0x080008f8   0x080008f8   0x0000002e   Code   RO         6057    .text               fz_ps.l(cmpret.o)
    0x08000926   0x08000926   0x00000002   PAD
    0x08000928   0x08000928   0x00000010   Code   RO         6059    .text               fz_ps.l(fnan2.o)
    0x08000938   0x08000938   0x0000003e   Code   RO         6066    .text               c_p.l(sys_stackheap_outer.o)
    0x08000976   0x08000976   0x00000010   Code   RO         6073    .text               c_p.l(exit.o)
    0x08000986   0x08000986   0x0000005e   Code   RO         6093    .text               fz_ps.l(retnan.o)
    0x080009e4   0x080009e4   0x00000010   Code   RO         1596    i.ADC1_IRQHandler   stm32g0xx_it.o
    0x080009f4   0x080009f4   0x00000070   Code   RO         1742    i.ADC_ConversionStop  stm32g0xx_hal_adc.o
    0x08000a64   0x08000a64   0x00000090   Code   RO         1743    i.ADC_DMAConvCplt   stm32g0xx_hal_adc.o
    0x08000af4   0x08000af4   0x0000001e   Code   RO         1744    i.ADC_DMAError      stm32g0xx_hal_adc.o
    0x08000b12   0x08000b12   0x0000000e   Code   RO         1745    i.ADC_DMAHalfConvCplt  stm32g0xx_hal_adc.o
    0x08000b20   0x08000b20   0x0000008a   Code   RO         1746    i.ADC_Disable       stm32g0xx_hal_adc.o
    0x08000baa   0x08000baa   0x00000002   PAD
    0x08000bac   0x08000bac   0x000000d8   Code   RO         1747    i.ADC_Enable        stm32g0xx_hal_adc.o
    0x08000c84   0x08000c84   0x00000008   Code   RO          892    i.AT24CXX_Init      24cxx.o
    0x08000c8c   0x08000c8c   0x00000070   Code   RO          895    i.AT24CXX_ReadOneByte  24cxx.o
    0x08000cfc   0x08000cfc   0x00000068   Code   RO          898    i.AT24CXX_WriteOneByte  24cxx.o
    0x08000d64   0x08000d64   0x00000020   Code   RO          396    i.BATCheckDIS       apply.o
    0x08000d84   0x08000d84   0x00000034   Code   RO          349    i.BQ25895_Init      bq25895.o
    0x08000db8   0x08000db8   0x00000028   Code   RO          350    i.BQ25895_MultiRead  bq25895.o
    0x08000de0   0x08000de0   0x00000034   Code   RO          352    i.BQ25895_Write     bq25895.o
    0x08000e14   0x08000e14   0x000002cc   Code   RO          520    i.BQ27441_Init      bq27441.o
    0x080010e0   0x080010e0   0x000000ac   Code   RO          521    i.BQ27441_MultiRead  bq27441.o
    0x0800118c   0x0800118c   0x0000002c   Code   RO          522    i.BQ27441_Read      bq27441.o
    0x080011b8   0x080011b8   0x00000034   Code   RO          523    i.BQ27441_WriteByte  bq27441.o
    0x080011ec   0x080011ec   0x00000038   Code   RO          524    i.BQ27441_WriteWord  bq27441.o
    0x08001224   0x08001224   0x0000002c   Code   RO         1597    i.DMA1_Ch4_7_DMAMUX1_OVR_IRQHandler  stm32g0xx_it.o
    0x08001250   0x08001250   0x00000010   Code   RO         1598    i.DMA1_Channel1_IRQHandler  stm32g0xx_it.o
    0x08001260   0x08001260   0x00000018   Code   RO         1599    i.DMA1_Channel2_3_IRQHandler  stm32g0xx_it.o
    0x08001278   0x08001278   0x00000034   Code   RO         2613    i.DMA_CalcDMAMUXChannelBaseAndMask  stm32g0xx_hal_dma.o
    0x080012ac   0x080012ac   0x00000028   Code   RO         2614    i.DMA_CalcDMAMUXRequestGenBaseAndMask  stm32g0xx_hal_dma.o
    0x080012d4   0x080012d4   0x0000004c   Code   RO         2615    i.DMA_SetConfig     stm32g0xx_hal_dma.o
    0x08001320   0x08001320   0x0000000a   Code   RO         1600    i.EXTI2_3_IRQHandler  stm32g0xx_it.o
    0x0800132a   0x0800132a   0x00000006   Code   RO         1102    i.Error_Handler     main.o
    0x08001330   0x08001330   0x00000002   Code   RO         2104    i.HAL_ADCEx_ChannelConfigReadyCallback  stm32g0xx_hal_adc_ex.o
    0x08001332   0x08001332   0x00000002   Code   RO         2106    i.HAL_ADCEx_EndOfSamplingCallback  stm32g0xx_hal_adc_ex.o
    0x08001334   0x08001334   0x00000002   Code   RO         2107    i.HAL_ADCEx_LevelOutOfWindow2Callback  stm32g0xx_hal_adc_ex.o
    0x08001336   0x08001336   0x00000002   Code   RO         2108    i.HAL_ADCEx_LevelOutOfWindow3Callback  stm32g0xx_hal_adc_ex.o
    0x08001338   0x08001338   0x00000364   Code   RO         1749    i.HAL_ADC_ConfigChannel  stm32g0xx_hal_adc.o
    0x0800169c   0x0800169c   0x00000002   Code   RO         1750    i.HAL_ADC_ConvCpltCallback  stm32g0xx_hal_adc.o
    0x0800169e   0x0800169e   0x00000002   Code   RO         1751    i.HAL_ADC_ConvHalfCpltCallback  stm32g0xx_hal_adc.o
    0x080016a0   0x080016a0   0x00000002   Code   RO         1753    i.HAL_ADC_ErrorCallback  stm32g0xx_hal_adc.o
    0x080016a2   0x080016a2   0x000001a8   Code   RO         1757    i.HAL_ADC_IRQHandler  stm32g0xx_hal_adc.o
    0x0800184a   0x0800184a   0x00000002   PAD
    0x0800184c   0x0800184c   0x00000298   Code   RO         1758    i.HAL_ADC_Init      stm32g0xx_hal_adc.o
    0x08001ae4   0x08001ae4   0x00000002   Code   RO         1759    i.HAL_ADC_LevelOutOfWindowCallback  stm32g0xx_hal_adc.o
    0x08001ae6   0x08001ae6   0x00000002   PAD
    0x08001ae8   0x08001ae8   0x000000ec   Code   RO         1202    i.HAL_ADC_MspInit   adc.o
    0x08001bd4   0x08001bd4   0x000000cc   Code   RO         1765    i.HAL_ADC_Start_DMA  stm32g0xx_hal_adc.o
    0x08001ca0   0x08001ca0   0x00000090   Code   RO         1768    i.HAL_ADC_Stop_DMA  stm32g0xx_hal_adc.o
    0x08001d30   0x08001d30   0x00000098   Code   RO         2616    i.HAL_DMA_Abort     stm32g0xx_hal_dma.o
    0x08001dc8   0x08001dc8   0x00000094   Code   RO         2617    i.HAL_DMA_Abort_IT  stm32g0xx_hal_dma.o
    0x08001e5c   0x08001e5c   0x00000008   Code   RO         2620    i.HAL_DMA_GetState  stm32g0xx_hal_dma.o
    0x08001e64   0x08001e64   0x00000120   Code   RO         2621    i.HAL_DMA_IRQHandler  stm32g0xx_hal_dma.o
    0x08001f84   0x08001f84   0x000000c0   Code   RO         2622    i.HAL_DMA_Init      stm32g0xx_hal_dma.o
    0x08002044   0x08002044   0x000000cc   Code   RO         2626    i.HAL_DMA_Start_IT  stm32g0xx_hal_dma.o
    0x08002110   0x08002110   0x00000020   Code   RO         1601    i.HAL_GPIO_EXTI_Falling_Callback  stm32g0xx_it.o
    0x08002130   0x08002130   0x00000034   Code   RO         2545    i.HAL_GPIO_EXTI_IRQHandler  stm32g0xx_hal_gpio.o
    0x08002164   0x08002164   0x00000002   Code   RO         2546    i.HAL_GPIO_EXTI_Rising_Callback  stm32g0xx_hal_gpio.o
    0x08002166   0x08002166   0x00000002   PAD
    0x08002168   0x08002168   0x000001d8   Code   RO         2547    i.HAL_GPIO_Init     stm32g0xx_hal_gpio.o
    0x08002340   0x08002340   0x00000012   Code   RO         2549    i.HAL_GPIO_ReadPin  stm32g0xx_hal_gpio.o
    0x08002352   0x08002352   0x00000014   Code   RO         2550    i.HAL_GPIO_TogglePin  stm32g0xx_hal_gpio.o
    0x08002366   0x08002366   0x0000000c   Code   RO         2551    i.HAL_GPIO_WritePin  stm32g0xx_hal_gpio.o
    0x08002372   0x08002372   0x00000002   PAD
    0x08002374   0x08002374   0x0000000c   Code   RO         3088    i.HAL_GetTick       stm32g0xx_hal.o
    0x08002380   0x08002380   0x0000006e   Code   RO         3808    i.HAL_I2CEx_ConfigAnalogFilter  stm32g0xx_hal_i2c_ex.o
    0x080023ee   0x080023ee   0x00000070   Code   RO         3809    i.HAL_I2CEx_ConfigDigitalFilter  stm32g0xx_hal_i2c_ex.o
    0x0800245e   0x0800245e   0x00000002   Code   RO         3338    i.HAL_I2C_AbortCpltCallback  stm32g0xx_hal_i2c.o
    0x08002460   0x08002460   0x00000002   Code   RO         3339    i.HAL_I2C_AddrCallback  stm32g0xx_hal_i2c.o
    0x08002462   0x08002462   0x0000008c   Code   RO         3342    i.HAL_I2C_ER_IRQHandler  stm32g0xx_hal_i2c.o
    0x080024ee   0x080024ee   0x0000001e   Code   RO         3343    i.HAL_I2C_EV_IRQHandler  stm32g0xx_hal_i2c.o
    0x0800250c   0x0800250c   0x00000002   Code   RO         3345    i.HAL_I2C_ErrorCallback  stm32g0xx_hal_i2c.o
    0x0800250e   0x0800250e   0x00000002   PAD
    0x08002510   0x08002510   0x000000d4   Code   RO         3349    i.HAL_I2C_Init      stm32g0xx_hal_i2c.o
    0x080025e4   0x080025e4   0x00000002   Code   RO         3351    i.HAL_I2C_ListenCpltCallback  stm32g0xx_hal_i2c.o
    0x080025e6   0x080025e6   0x00000002   Code   RO         3352    i.HAL_I2C_MasterRxCpltCallback  stm32g0xx_hal_i2c.o
    0x080025e8   0x080025e8   0x00000002   Code   RO         3353    i.HAL_I2C_MasterTxCpltCallback  stm32g0xx_hal_i2c.o
    0x080025ea   0x080025ea   0x00000002   Code   RO         3365    i.HAL_I2C_MemRxCpltCallback  stm32g0xx_hal_i2c.o
    0x080025ec   0x080025ec   0x00000002   Code   RO         3366    i.HAL_I2C_MemTxCpltCallback  stm32g0xx_hal_i2c.o
    0x080025ee   0x080025ee   0x00000002   PAD
    0x080025f0   0x080025f0   0x00000164   Code   RO         3368    i.HAL_I2C_Mem_Read_DMA  stm32g0xx_hal_i2c.o
    0x08002754   0x08002754   0x00000164   Code   RO         3371    i.HAL_I2C_Mem_Write_DMA  stm32g0xx_hal_i2c.o
    0x080028b8   0x080028b8   0x0000021c   Code   RO         1387    i.HAL_I2C_MspInit   i2c.o
    0x08002ad4   0x08002ad4   0x00000002   Code   RO         3375    i.HAL_I2C_SlaveRxCpltCallback  stm32g0xx_hal_i2c.o
    0x08002ad6   0x08002ad6   0x00000002   Code   RO         3376    i.HAL_I2C_SlaveTxCpltCallback  stm32g0xx_hal_i2c.o
    0x08002ad8   0x08002ad8   0x00000018   Code   RO         3094    i.HAL_IncTick       stm32g0xx_hal.o
    0x08002af0   0x08002af0   0x0000002c   Code   RO         3095    i.HAL_Init          stm32g0xx_hal.o
    0x08002b1c   0x08002b1c   0x00000060   Code   RO         3096    i.HAL_InitTick      stm32g0xx_hal.o
    0x08002b7c   0x08002b7c   0x0000004c   Code   RO         1720    i.HAL_MspInit       stm32g0xx_hal_msp.o
    0x08002bc8   0x08002bc8   0x00000024   Code   RO         2970    i.HAL_NVIC_EnableIRQ  stm32g0xx_hal_cortex.o
    0x08002bec   0x08002bec   0x00000012   Code   RO         2974    i.HAL_NVIC_SetPriority  stm32g0xx_hal_cortex.o
    0x08002bfe   0x08002bfe   0x00000002   PAD
    0x08002c00   0x08002c00   0x00000058   Code   RO         2853    i.HAL_PWREx_ControlVoltageScaling  stm32g0xx_hal_pwr_ex.o
    0x08002c58   0x08002c58   0x00000204   Code   RO         2298    i.HAL_RCCEx_PeriphCLKConfig  stm32g0xx_hal_rcc_ex.o
    0x08002e5c   0x08002e5c   0x000001d4   Code   RO         2177    i.HAL_RCC_ClockConfig  stm32g0xx_hal_rcc.o
    0x08003030   0x08003030   0x0000000c   Code   RO         2183    i.HAL_RCC_GetHCLKFreq  stm32g0xx_hal_rcc.o
    0x0800303c   0x0800303c   0x00000028   Code   RO         2185    i.HAL_RCC_GetPCLK1Freq  stm32g0xx_hal_rcc.o
    0x08003064   0x08003064   0x000000e0   Code   RO         2187    i.HAL_RCC_GetSysClockFreq  stm32g0xx_hal_rcc.o
    0x08003144   0x08003144   0x000005ac   Code   RO         2191    i.HAL_RCC_OscConfig  stm32g0xx_hal_rcc.o
    0x080036f0   0x080036f0   0x0000010c   Code   RO         3871    i.HAL_SPI_Init      stm32g0xx_hal_spi.o
    0x080037fc   0x080037fc   0x000000b4   Code   RO         1432    i.HAL_SPI_MspInit   spi.o
    0x080038b0   0x080038b0   0x000001ca   Code   RO         3874    i.HAL_SPI_Receive   stm32g0xx_hal_spi.o
    0x08003a7a   0x08003a7a   0x000001cc   Code   RO         3879    i.HAL_SPI_Transmit  stm32g0xx_hal_spi.o
    0x08003c46   0x08003c46   0x0000026a   Code   RO         3880    i.HAL_SPI_TransmitReceive  stm32g0xx_hal_spi.o
    0x08003eb0   0x08003eb0   0x00000018   Code   RO         3104    i.HAL_SYSCFG_StrobeDBattpinsConfig  stm32g0xx_hal.o
    0x08003ec8   0x08003ec8   0x00000024   Code   RO         2976    i.HAL_SYSTICK_CLKSourceConfig  stm32g0xx_hal_cortex.o
    0x08003eec   0x08003eec   0x00000038   Code   RO         2978    i.HAL_SYSTICK_Config  stm32g0xx_hal_cortex.o
    0x08003f24   0x08003f24   0x00000002   Code   RO         4932    i.HAL_TIMEx_Break2Callback  stm32g0xx_hal_tim_ex.o
    0x08003f26   0x08003f26   0x00000002   Code   RO         4933    i.HAL_TIMEx_BreakCallback  stm32g0xx_hal_tim_ex.o
    0x08003f28   0x08003f28   0x00000002   Code   RO         4934    i.HAL_TIMEx_CommutCallback  stm32g0xx_hal_tim_ex.o
    0x08003f2a   0x08003f2a   0x00000002   PAD
    0x08003f2c   0x08003f2c   0x00000100   Code   RO         4936    i.HAL_TIMEx_ConfigBreakDeadTime  stm32g0xx_hal_tim_ex.o
    0x0800402c   0x0800402c   0x00000098   Code   RO         4955    i.HAL_TIMEx_MasterConfigSynchronization  stm32g0xx_hal_tim_ex.o
    0x080040c4   0x080040c4   0x0000006c   Code   RO         4209    i.HAL_TIM_Base_Init  stm32g0xx_hal_tim.o
    0x08004130   0x08004130   0x00000154   Code   RO         1471    i.HAL_TIM_Base_MspInit  tim.o
    0x08004284   0x08004284   0x00000078   Code   RO         4214    i.HAL_TIM_Base_Start_IT  stm32g0xx_hal_tim.o
    0x080042fc   0x080042fc   0x00000044   Code   RO         4217    i.HAL_TIM_Base_Stop_IT  stm32g0xx_hal_tim.o
    0x08004340   0x08004340   0x00000002   Code   RO         4239    i.HAL_TIM_ErrorCallback  stm32g0xx_hal_tim.o
    0x08004342   0x08004342   0x00000002   Code   RO         4243    i.HAL_TIM_IC_CaptureCallback  stm32g0xx_hal_tim.o
    0x08004344   0x08004344   0x000001f8   Code   RO         4257    i.HAL_TIM_IRQHandler  stm32g0xx_hal_tim.o
    0x0800453c   0x0800453c   0x00000128   Code   RO         1472    i.HAL_TIM_MspPostInit  tim.o
    0x08004664   0x08004664   0x00000002   Code   RO         4260    i.HAL_TIM_OC_DelayElapsedCallback  stm32g0xx_hal_tim.o
    0x08004666   0x08004666   0x0000017a   Code   RO         4281    i.HAL_TIM_PWM_ConfigChannel  stm32g0xx_hal_tim.o
    0x080047e0   0x080047e0   0x0000006c   Code   RO         4284    i.HAL_TIM_PWM_Init  stm32g0xx_hal_tim.o
    0x0800484c   0x0800484c   0x00000030   Code   RO         1474    i.HAL_TIM_PWM_MspInit  tim.o
    0x0800487c   0x0800487c   0x00000002   Code   RO         4287    i.HAL_TIM_PWM_PulseFinishedCallback  stm32g0xx_hal_tim.o
    0x0800487e   0x0800487e   0x00000002   Code   RO         4288    i.HAL_TIM_PWM_PulseFinishedHalfCpltCallback  stm32g0xx_hal_tim.o
    0x08004880   0x08004880   0x00000128   Code   RO         4289    i.HAL_TIM_PWM_Start  stm32g0xx_hal_tim.o
    0x080049a8   0x080049a8   0x0000029c   Code   RO         4290    i.HAL_TIM_PWM_Start_DMA  stm32g0xx_hal_tim.o
    0x08004c44   0x08004c44   0x000000e8   Code   RO         4292    i.HAL_TIM_PWM_Stop  stm32g0xx_hal_tim.o
    0x08004d2c   0x08004d2c   0x000002c0   Code   RO         1602    i.HAL_TIM_PeriodElapsedCallback  stm32g0xx_it.o
    0x08004fec   0x08004fec   0x00000002   Code   RO         4300    i.HAL_TIM_TriggerCallback  stm32g0xx_hal_tim.o
    0x08004fee   0x08004fee   0x00000054   Code   RO         5664    i.HAL_UARTEx_DisableFifoMode  stm32g0xx_hal_uart_ex.o
    0x08005042   0x08005042   0x00000002   Code   RO         5242    i.HAL_UARTEx_RxEventCallback  stm32g0xx_hal_uart.o
    0x08005044   0x08005044   0x00000002   Code   RO         5672    i.HAL_UARTEx_RxFifoFullCallback  stm32g0xx_hal_uart_ex.o
    0x08005046   0x08005046   0x00000060   Code   RO         5673    i.HAL_UARTEx_SetRxFifoThreshold  stm32g0xx_hal_uart_ex.o
    0x080050a6   0x080050a6   0x0000005e   Code   RO         5674    i.HAL_UARTEx_SetTxFifoThreshold  stm32g0xx_hal_uart_ex.o
    0x08005104   0x08005104   0x00000002   Code   RO         5676    i.HAL_UARTEx_TxFifoEmptyCallback  stm32g0xx_hal_uart_ex.o
    0x08005106   0x08005106   0x00000002   Code   RO         5677    i.HAL_UARTEx_WakeupCallback  stm32g0xx_hal_uart_ex.o
    0x08005108   0x08005108   0x00000002   Code   RO         5258    i.HAL_UART_ErrorCallback  stm32g0xx_hal_uart.o
    0x0800510a   0x0800510a   0x00000002   PAD
    0x0800510c   0x0800510c   0x00000446   Code   RO         5261    i.HAL_UART_IRQHandler  stm32g0xx_hal_uart.o
    0x08005552   0x08005552   0x00000082   Code   RO         5262    i.HAL_UART_Init     stm32g0xx_hal_uart.o
    0x080055d4   0x080055d4   0x000000ec   Code   RO         1558    i.HAL_UART_MspInit  usart.o
    0x080056c0   0x080056c0   0x0000014c   Code   RO         5265    i.HAL_UART_Receive  stm32g0xx_hal_uart.o
    0x0800580c   0x0800580c   0x000000cc   Code   RO         5272    i.HAL_UART_Transmit_DMA  stm32g0xx_hal_uart.o
    0x080058d8   0x080058d8   0x00000002   Code   RO         5274    i.HAL_UART_TxCpltCallback  stm32g0xx_hal_uart.o
    0x080058da   0x080058da   0x00000002   Code   RO         5275    i.HAL_UART_TxHalfCpltCallback  stm32g0xx_hal_uart.o
    0x080058dc   0x080058dc   0x00000010   Code   RO          302    i.HX711_Init        hx711.o
    0x080058ec   0x080058ec   0x00000088   Code   RO          303    i.HX711_Read        hx711.o
    0x08005974   0x08005974   0x00000004   Code   RO         1603    i.HardFault_Handler  stm32g0xx_it.o
    0x08005978   0x08005978   0x0000003c   Code   RO          734    i.HeatPIDInit       pid.o
    0x080059b4   0x080059b4   0x0000000c   Code   RO          701    i.HeatPWMSet        heat.o
    0x080059c0   0x080059c0   0x00000020   Code   RO          702    i.HeatPower         heat.o
    0x080059e0   0x080059e0   0x00000028   Code   RO         1604    i.I2C1_IRQHandler   stm32g0xx_it.o
    0x08005a08   0x08005a08   0x00000028   Code   RO         1605    i.I2C2_IRQHandler   stm32g0xx_it.o
    0x08005a30   0x08005a30   0x00000026   Code   RO         3388    i.I2C_DMAAbort      stm32g0xx_hal_i2c.o
    0x08005a56   0x08005a56   0x0000001e   Code   RO         3389    i.I2C_DMAError      stm32g0xx_hal_i2c.o
    0x08005a74   0x08005a74   0x00000064   Code   RO         3390    i.I2C_DMAMasterReceiveCplt  stm32g0xx_hal_i2c.o
    0x08005ad8   0x08005ad8   0x00000064   Code   RO         3391    i.I2C_DMAMasterTransmitCplt  stm32g0xx_hal_i2c.o
    0x08005b3c   0x08005b3c   0x00000074   Code   RO         3394    i.I2C_Disable_IRQ   stm32g0xx_hal_i2c.o
    0x08005bb0   0x08005bb0   0x00000090   Code   RO         3395    i.I2C_Enable_IRQ    stm32g0xx_hal_i2c.o
    0x08005c40   0x08005c40   0x00000032   Code   RO         3396    i.I2C_Flush_TXDR    stm32g0xx_hal_i2c.o
    0x08005c72   0x08005c72   0x000000d0   Code   RO         3397    i.I2C_ITAddrCplt    stm32g0xx_hal_i2c.o
    0x08005d42   0x08005d42   0x00000002   PAD
    0x08005d44   0x08005d44   0x00000128   Code   RO         3398    i.I2C_ITError       stm32g0xx_hal_i2c.o
    0x08005e6c   0x08005e6c   0x00000078   Code   RO         3399    i.I2C_ITListenCplt  stm32g0xx_hal_i2c.o
    0x08005ee4   0x08005ee4   0x00000134   Code   RO         3400    i.I2C_ITMasterCplt  stm32g0xx_hal_i2c.o
    0x08006018   0x08006018   0x00000062   Code   RO         3401    i.I2C_ITMasterSeqCplt  stm32g0xx_hal_i2c.o
    0x0800607a   0x0800607a   0x00000002   PAD
    0x0800607c   0x0800607c   0x00000198   Code   RO         3402    i.I2C_ITSlaveCplt   stm32g0xx_hal_i2c.o
    0x08006214   0x08006214   0x0000009c   Code   RO         3403    i.I2C_ITSlaveSeqCplt  stm32g0xx_hal_i2c.o
    0x080062b0   0x080062b0   0x00000188   Code   RO         3405    i.I2C_Master_ISR_DMA  stm32g0xx_hal_i2c.o
    0x08006438   0x08006438   0x000001c4   Code   RO         3407    i.I2C_Mem_ISR_DMA   stm32g0xx_hal_i2c.o
    0x080065fc   0x080065fc   0x00000174   Code   RO         3411    i.I2C_Slave_ISR_DMA  stm32g0xx_hal_i2c.o
    0x08006770   0x08006770   0x0000017c   Code   RO         3412    i.I2C_Slave_ISR_IT  stm32g0xx_hal_i2c.o
    0x080068ec   0x080068ec   0x0000003c   Code   RO         3413    i.I2C_TransferConfig  stm32g0xx_hal_i2c.o
    0x08006928   0x08006928   0x0000003e   Code   RO         3414    i.I2C_TreatErrorCallback  stm32g0xx_hal_i2c.o
    0x08006966   0x08006966   0x00000002   PAD
    0x08006968   0x08006968   0x00000068   Code   RO          958    i.IIC_Ack           myiic.o
    0x080069d0   0x080069d0   0x00000040   Code   RO          959    i.IIC_Init          myiic.o
    0x08006a10   0x08006a10   0x00000064   Code   RO          960    i.IIC_NAck          myiic.o
    0x08006a74   0x08006a74   0x0000007c   Code   RO          961    i.IIC_Read_Byte     myiic.o
    0x08006af0   0x08006af0   0x00000098   Code   RO          962    i.IIC_Send_Byte     myiic.o
    0x08006b88   0x08006b88   0x00000068   Code   RO          963    i.IIC_Start         myiic.o
    0x08006bf0   0x08006bf0   0x00000068   Code   RO          964    i.IIC_Stop          myiic.o
    0x08006c58   0x08006c58   0x00000074   Code   RO          965    i.IIC_Wait_Ack      myiic.o
    0x08006ccc   0x08006ccc   0x00000060   Code   RO         1025    i.LEDUpdate         ws2812b.o
    0x08006d2c   0x08006d2c   0x00000010   Code   RO         1770    i.LL_ADC_Disable    stm32g0xx_hal_adc.o
    0x08006d3c   0x08006d3c   0x00000010   Code   RO         1771    i.LL_ADC_Enable     stm32g0xx_hal_adc.o
    0x08006d4c   0x08006d4c   0x0000000c   Code   RO         1772    i.LL_ADC_GetCommonPathInternalCh  stm32g0xx_hal_adc.o
    0x08006d58   0x08006d58   0x0000000c   Code   RO         1773    i.LL_ADC_IsDisableOngoing  stm32g0xx_hal_adc.o
    0x08006d64   0x08006d64   0x00000010   Code   RO         1774    i.LL_ADC_IsEnabled  stm32g0xx_hal_adc.o
    0x08006d74   0x08006d74   0x0000000e   Code   RO         1775    i.LL_ADC_IsInternalRegulatorEnabled  stm32g0xx_hal_adc.o
    0x08006d82   0x08006d82   0x0000000c   Code   RO         1776    i.LL_ADC_REG_IsConversionOngoing  stm32g0xx_hal_adc.o
    0x08006d8e   0x08006d8e   0x00000016   Code   RO         1777    i.LL_ADC_REG_IsTriggerSourceSWStart  stm32g0xx_hal_adc.o
    0x08006da4   0x08006da4   0x00000010   Code   RO         1778    i.LL_ADC_REG_StartConversion  stm32g0xx_hal_adc.o
    0x08006db4   0x08006db4   0x0000000e   Code   RO         1780    i.LL_ADC_SetCommonPathInternalCh  stm32g0xx_hal_adc.o
    0x08006dc2   0x08006dc2   0x0000001e   Code   RO         1781    i.LL_ADC_SetSamplingTimeCommonChannels  stm32g0xx_hal_adc.o
    0x08006de0   0x08006de0   0x000000cc   Code   RO         1203    i.MX_ADC1_Init      adc.o
    0x08006eac   0x08006eac   0x00000054   Code   RO         1361    i.MX_DMA_Init       dma.o
    0x08006f00   0x08006f00   0x00000240   Code   RO         1179    i.MX_GPIO_Init      gpio.o
    0x08007140   0x08007140   0x0000005c   Code   RO         1388    i.MX_I2C1_Init      i2c.o
    0x0800719c   0x0800719c   0x0000005c   Code   RO         1389    i.MX_I2C2_Init      i2c.o
    0x080071f8   0x080071f8   0x00000054   Code   RO         1433    i.MX_SPI1_Init      spi.o
    0x0800724c   0x0800724c   0x00000070   Code   RO         1475    i.MX_TIM14_Init     tim.o
    0x080072bc   0x080072bc   0x000000a8   Code   RO         1476    i.MX_TIM16_Init     tim.o
    0x08007364   0x08007364   0x000000ac   Code   RO         1477    i.MX_TIM17_Init     tim.o
    0x08007410   0x08007410   0x00000084   Code   RO         1478    i.MX_TIM3_Init      tim.o
    0x08007494   0x08007494   0x00000058   Code   RO         1479    i.MX_TIM6_Init      tim.o
    0x080074ec   0x080074ec   0x0000005c   Code   RO         1480    i.MX_TIM7_Init      tim.o
    0x08007548   0x08007548   0x0000008c   Code   RO         1559    i.MX_USART1_UART_Init  usart.o
    0x080075d4   0x080075d4   0x00000088   Code   RO          216    i.MotorChecking     tmc5130.o
    0x0800765c   0x0800765c   0x00000060   Code   RO          217    i.MotorCompare      tmc5130.o
    0x080076bc   0x080076bc   0x00000014   Code   RO          219    i.MotorSetHome      tmc5130.o
    0x080076d0   0x080076d0   0x00000004   Code   RO         1606    i.NMI_Handler       stm32g0xx_it.o
    0x080076d4   0x080076d4   0x000000ba   Code   RO          735    i.PID_realize       pid.o
    0x0800778e   0x0800778e   0x00000002   PAD
    0x08007790   0x08007790   0x00000018   Code   RO         1029    i.PWM_WS2812B_Init  ws2812b.o
    0x080077a8   0x080077a8   0x00000024   Code   RO         1031    i.PWM_WS2812B_Show  ws2812b.o
    0x080077cc   0x080077cc   0x00000044   Code   RO         1032    i.PWM_WS2812B_Write_24Bits  ws2812b.o
    0x08007810   0x08007810   0x00000002   Code   RO         1607    i.PendSV_Handler    stm32g0xx_it.o
    0x08007812   0x08007812   0x00000002   PAD
    0x08007814   0x08007814   0x0000003c   Code   RO          397    i.PowerStateUpdate  apply.o
    0x08007850   0x08007850   0x0000008e   Code   RO         3908    i.SPI_EndRxTransaction  stm32g0xx_hal_spi.o
    0x080078de   0x080078de   0x0000006a   Code   RO         3909    i.SPI_EndRxTxTransaction  stm32g0xx_hal_spi.o
    0x08007948   0x08007948   0x000000fc   Code   RO         3914    i.SPI_WaitFifoStateUntilTimeout  stm32g0xx_hal_spi.o
    0x08007a44   0x08007a44   0x000000dc   Code   RO         3915    i.SPI_WaitFlagStateUntilTimeout  stm32g0xx_hal_spi.o
    0x08007b20   0x08007b20   0x00000002   Code   RO         1608    i.SVC_Handler       stm32g0xx_it.o
    0x08007b22   0x08007b22   0x00000002   PAD
    0x08007b24   0x08007b24   0x00000128   Code   RO          398    i.SW_CMDHandler     apply.o
    0x08007c4c   0x08007c4c   0x00000070   Code   RO          579    i.ScreenTimerStart  screen.o
    0x08007cbc   0x08007cbc   0x000000d8   Code   RO          580    i.ScreenUpdateForce  screen.o
    0x08007d94   0x08007d94   0x00000074   Code   RO          581    i.ScreenUpdateSOC   screen.o
    0x08007e08   0x08007e08   0x000000a0   Code   RO          582    i.ScreenUpdateTemperature  screen.o
    0x08007ea8   0x08007ea8   0x00000070   Code   RO          583    i.ScreenWorkModeQuit  screen.o
    0x08007f18   0x08007f18   0x00000008   Code   RO         1609    i.SysTick_Handler   stm32g0xx_it.o
    0x08007f20   0x08007f20   0x0000006e   Code   RO         1103    i.SystemClock_Config  main.o
    0x08007f8e   0x08007f8e   0x00000002   Code   RO         5795    i.SystemInit        system_stm32g0xx.o
    0x08007f90   0x08007f90   0x00000038   Code   RO          399    i.SystemPowerDown   apply.o
    0x08007fc8   0x08007fc8   0x00000010   Code   RO         1610    i.TIM6_IRQHandler   stm32g0xx_it.o
    0x08007fd8   0x08007fd8   0x00000010   Code   RO         1611    i.TIM7_IRQHandler   stm32g0xx_it.o
    0x08007fe8   0x08007fe8   0x000000a0   Code   RO         4302    i.TIM_Base_SetConfig  stm32g0xx_hal_tim.o
    0x08008088   0x08008088   0x00000022   Code   RO         4303    i.TIM_CCxChannelCmd  stm32g0xx_hal_tim.o
    0x080080aa   0x080080aa   0x00000070   Code   RO         4306    i.TIM_DMADelayPulseCplt  stm32g0xx_hal_tim.o
    0x0800811a   0x0800811a   0x00000040   Code   RO         4307    i.TIM_DMADelayPulseHalfCplt  stm32g0xx_hal_tim.o
    0x0800815a   0x0800815a   0x00000060   Code   RO         4308    i.TIM_DMAError      stm32g0xx_hal_tim.o
    0x080081ba   0x080081ba   0x00000002   PAD
    0x080081bc   0x080081bc   0x000000b0   Code   RO         4315    i.TIM_OC1_SetConfig  stm32g0xx_hal_tim.o
    0x0800826c   0x0800826c   0x000000c0   Code   RO         4316    i.TIM_OC2_SetConfig  stm32g0xx_hal_tim.o
    0x0800832c   0x0800832c   0x000000bc   Code   RO         4317    i.TIM_OC3_SetConfig  stm32g0xx_hal_tim.o
    0x080083e8   0x080083e8   0x00000080   Code   RO         4318    i.TIM_OC4_SetConfig  stm32g0xx_hal_tim.o
    0x08008468   0x08008468   0x00000070   Code   RO         4319    i.TIM_OC5_SetConfig  stm32g0xx_hal_tim.o
    0x080084d8   0x080084d8   0x00000074   Code   RO         4320    i.TIM_OC6_SetConfig  stm32g0xx_hal_tim.o
    0x0800854c   0x0800854c   0x000000b8   Code   RO          221    i.TMC5130_Init      tmc5130.o
    0x08008604   0x08008604   0x0000006c   Code   RO          222    i.TMC5130_Read      tmc5130.o
    0x08008670   0x08008670   0x0000004c   Code   RO          223    i.TMC5130_Write     tmc5130.o
    0x080086bc   0x080086bc   0x00000020   Code   RO          662    i.TMP114_Read       tmp114.o
    0x080086dc   0x080086dc   0x00000078   Code   RO          400    i.TaskProcessing    apply.o
    0x08008754   0x08008754   0x00000030   Code   RO          663    i.TmpRaw2Ture       tmp114.o
    0x08008784   0x08008784   0x00000138   Code   RO          401    i.UART1_CMDHandler  apply.o
    0x080088bc   0x080088bc   0x00000068   Code   RO         5678    i.UARTEx_SetNbDataToProcess  stm32g0xx_hal_uart_ex.o
    0x08008924   0x08008924   0x000000f0   Code   RO         5276    i.UART_AdvFeatureConfig  stm32g0xx_hal_uart.o
    0x08008a14   0x08008a14   0x0000007c   Code   RO         5277    i.UART_CheckIdleState  stm32g0xx_hal_uart.o
    0x08008a90   0x08008a90   0x00000018   Code   RO         5278    i.UART_DMAAbortOnError  stm32g0xx_hal_uart.o
    0x08008aa8   0x08008aa8   0x0000005a   Code   RO         5279    i.UART_DMAError     stm32g0xx_hal_uart.o
    0x08008b02   0x08008b02   0x00000064   Code   RO         5284    i.UART_DMATransmitCplt  stm32g0xx_hal_uart.o
    0x08008b66   0x08008b66   0x0000000e   Code   RO         5286    i.UART_DMATxHalfCplt  stm32g0xx_hal_uart.o
    0x08008b74   0x08008b74   0x00000084   Code   RO         5288    i.UART_EndRxTransfer  stm32g0xx_hal_uart.o
    0x08008bf8   0x08008bf8   0x00000038   Code   RO         5289    i.UART_EndTransmit_IT  stm32g0xx_hal_uart.o
    0x08008c30   0x08008c30   0x00000052   Code   RO         5290    i.UART_EndTxTransfer  stm32g0xx_hal_uart.o
    0x08008c82   0x08008c82   0x00000002   PAD
    0x08008c84   0x08008c84   0x00000230   Code   RO         5295    i.UART_SetConfig    stm32g0xx_hal_uart.o
    0x08008eb4   0x08008eb4   0x00000120   Code   RO         5302    i.UART_WaitOnFlagUntilTimeout  stm32g0xx_hal_uart.o
    0x08008fd4   0x08008fd4   0x000000f8   Code   RO         1612    i.USART1_IRQHandler  stm32g0xx_it.o
    0x080090cc   0x080090cc   0x00000040   Code   RO          224    i.VelocityModeMove  tmc5130.o
    0x0800910c   0x0800910c   0x0000001c   Code   RO          445    i.__ARM_common_switch8  apply.o
    0x08009128   0x08009128   0x00000078   Code   RO         2980    i.__NVIC_SetPriority  stm32g0xx_hal_cortex.o
    0x080091a0   0x080091a0   0x00000006   Code   RO         5303    i.__get_PRIMASK     stm32g0xx_hal_uart.o
    0x080091a6   0x080091a6   0x00000006   Code   RO         5304    i.__set_PRIMASK     stm32g0xx_hal_uart.o
    0x080091ac   0x080091ac   0x00000004   Code   RO          585    i._sys_exit         screen.o
    0x080091b0   0x080091b0   0x00000014   Code   RO           12    i.delay_init        delay.o
    0x080091c4   0x080091c4   0x00000018   Code   RO           13    i.delay_ms          delay.o
    0x080091dc   0x080091dc   0x00000048   Code   RO           14    i.delay_us          delay.o
    0x08009224   0x08009224   0x00000258   Code   RO         1104    i.main              main.o
    0x0800947c   0x0800947c   0x0000008c   Code   RO         5907    x$fpl$fadd          fz_ps.l(faddsub.o)
    0x08009508   0x08009508   0x000000b0   Code   RO         5922    x$fpl$fmul          fz_ps.l(fmul.o)
    0x080095b8   0x080095b8   0x00000058   Code   RO         5924    x$fpl$frleqf        fz_ps.l(frlef.o)
    0x08009610   0x08009610   0x000000d0   Code   RO         5909    x$fpl$fsub          fz_ps.l(faddsub.o)
    0x080096e0   0x080096e0   0x00000000   Code   RO         6013    x$fpl$usenofp       fz_ps.l(usenofp.o)
    0x080096e0   0x080096e0   0x00000020   Data   RO         5305    .constdata          stm32g0xx_hal_uart.o
    0x08009700   0x08009700   0x00000017   Data   RO         5682    .constdata          stm32g0xx_hal_uart_ex.o
    0x08009717   0x08009717   0x00000001   PAD
    0x08009718   0x08009718   0x00000068   Data   RO         5796    .constdata          system_stm32g0xx.o
    0x08009780   0x08009780   0x00000040   Data   RO         5914    .constdata          fz_ps.l(fdiv.o)
    0x080097c0   0x080097c0   0x00000020   Data   RO         6154    Region$$Table       anon$$obj.o


    Execution Region RW_IRAM1 (Exec base: 0x20000000, Load base: 0x080097e0, Size: 0x00000f28, Max: 0x00009000, ABSOLUTE)

    Exec Addr    Load Addr    Size         Type   Attr      Idx    E Section Name        Object

    0x20000000   0x080097e0   0x00000004   Data   RW           16    .data               delay.o
    0x20000004   0x080097e4   0x00000008   Data   RW          226    .data               tmc5130.o
    0x2000000c   0x080097ec   0x00000002   Data   RW          355    .data               bq25895.o
    0x2000000e   0x080097ee   0x00000002   PAD
    0x20000010   0x080097f0   0x0000001a   Data   RW          403    .data               apply.o
    0x2000002a   0x0800980a   0x00000015   Data   RW          527    .data               bq27441.o
    0x2000003f   0x0800981f   0x00000001   PAD
    0x20000040   0x08009820   0x0000000e   Data   RW          589    .data               screen.o
    0x2000004e   0x0800982e   0x00000002   PAD
    0x20000050   0x08009830   0x00000008   Data   RW          665    .data               tmp114.o
    0x20000058   0x08009838   0x00000001   Data   RW          704    .data               heat.o
    0x20000059   0x08009839   0x00000003   PAD
    0x2000005c   0x0800983c   0x00000005   Data   RW         1036    .data               ws2812b.o
    0x20000061   0x08009841   0x00000003   PAD
    0x20000064   0x08009844   0x00000031   Data   RW         1107    .data               main.o
    0x20000095   0x08009875   0x00000001   PAD
    0x20000096   0x08009876   0x0000000b   Data   RW         1614    .data               stm32g0xx_it.o
    0x200000a1   0x08009881   0x00000003   PAD
    0x200000a4   0x08009884   0x00000009   Data   RW         3108    .data               stm32g0xx_hal.o
    0x200000ad   0x0800988d   0x00000003   PAD
    0x200000b0   0x08009890   0x00000004   Data   RW         5797    .data               system_stm32g0xx.o
    0x200000b4        -       0x00000015   Zero   RW          353    .bss                bq25895.o
    0x200000c9   0x08009894   0x00000001   PAD
    0x200000ca        -       0x0000000a   Zero   RW          525    .bss                bq27441.o
    0x200000d4        -       0x00000023   Zero   RW          587    .bss                screen.o
    0x200000f7   0x08009894   0x00000001   PAD
    0x200000f8        -       0x00000028   Zero   RW          736    .bss                pid.o
    0x20000120        -       0x00000154   Zero   RW         1034    .bss                ws2812b.o
    0x20000274        -       0x000000c0   Zero   RW         1204    .bss                adc.o
    0x20000334        -       0x00000218   Zero   RW         1390    .bss                i2c.o
    0x2000054c        -       0x00000064   Zero   RW         1434    .bss                spi.o
    0x200005b0        -       0x00000224   Zero   RW         1481    .bss                tim.o
    0x200007d4        -       0x000000f0   Zero   RW         1560    .bss                usart.o
    0x200008c4        -       0x00000060   Zero   RW         6017    .bss                c_p.l(libspace.o)
    0x20000924   0x08009894   0x00000004   PAD
    0x20000928        -       0x00000200   Zero   RW            2    HEAP                startup_stm32g070xx.o
    0x20000b28        -       0x00000400   Zero   RW            1    STACK               startup_stm32g070xx.o


==============================================================================

Image component sizes


      Code (inc. data)   RO Data    RW Data    ZI Data      Debug   Object Name

       224          0          0          0          0       1688   24cxx.o
       440         32          0          0        192     396588   adc.o
       904        152          0         26          0       5150   apply.o
       144         18          0          2         21       2318   bq25895.o
      1040        108          0         21         10       5212   bq27441.o
       116         14          0          4          0     426748   delay.o
        84          4          0          0          0        754   dma.o
       576         24          0          0          0       1231   gpio.o
        44         10          0          1          0       1218   heat.o
       152          8          0          0          0       1026   hx711.o
       724         62          0          0        536       2690   i2c.o
       716         82          0         49          0      23464   main.o
       868         42          0          0          0       4126   myiic.o
       246         20          0          0         40     285394   pid.o
       720         86          0         14         35       5932   screen.o
       264         22          0          0        100       1721   spi.o
        56         26        184          0       1536        648   startup_stm32g070xx.o
       200         38          0          9          0      16256   stm32g0xx_hal.o
      3146        112          0          0          0     493893   stm32g0xx_hal_adc.o
         8          0          0          0          0       2677   stm32g0xx_hal_adc_ex.o
       266         30          0          0          0      12679   stm32g0xx_hal_cortex.o
      1160         40          0          0          0       6437   stm32g0xx_hal_dma.o
         0          0          0          0          0       2712   stm32g0xx_hal_flash.o
       576         24          0          0          0       4335   stm32g0xx_hal_gpio.o
      5004        128          0          0          0      26840   stm32g0xx_hal_i2c.o
       222          0          0          0          0       1879   stm32g0xx_hal_i2c_ex.o
        76          4          0          0          0        830   stm32g0xx_hal_msp.o
        88         12          0          0          0        738   stm32g0xx_hal_pwr_ex.o
      2196         92          0          0          0      20749   stm32g0xx_hal_rcc.o
       516         12          0          0          0       1592   stm32g0xx_hal_rcc_ex.o
      2524         12          0          0          0       8874   stm32g0xx_hal_spi.o
      3872        264          0          0          0      18471   stm32g0xx_hal_tim.o
       414         16          0          0          0       3808   stm32g0xx_hal_tim_ex.o
      3490         86         32          0          0      35833   stm32g0xx_hal_uart.o
       384         10         23          0          0       5394   stm32g0xx_hal_uart_ex.o
      1226        186          0         11          0      10759   stm32g0xx_it.o
         2          0        104          4          0       1131   system_stm32g0xx.o
      1448        136          0          0        548       6312   tim.o
       684         58          0          8          0       4810   tmc5130.o
        80         12          0          8          0       1815   tmp114.o
       376         30          0          0        240       1869   usart.o
       224         36          0          5        340       2970   ws2812b.o

    ----------------------------------------------------------------------
     35536       2048        376        180       3600    1859571   Object Totals
         0          0         32          0          0          0   (incl. Generated)
        36          0          1         18          2          0   (incl. Padding)

    ----------------------------------------------------------------------

      Code (inc. data)   RO Data    RW Data    ZI Data      Debug   Library Member Name

         8          0          0          0          0         68   __main.o
         0          0          0          0          0          0   __rtentry.o
        12          0          0          0          0          0   __rtentry2.o
         6          0          0          0          0          0   __rtentry4.o
        60          8          0          0          0          0   __scatter.o
        26          0          0          0          0          0   __scatter_copy.o
        28          0          0          0          0          0   __scatter_zi.o
       346          0          0          0          0         92   aeabi_sdiv.o
        16          0          0          0          0         68   exit.o
         6          0          0          0          0        136   heapauxi.o
         2          0          0          0          0          0   libinit.o
         2          0          0          0          0          0   libinit2.o
         2          0          0          0          0          0   libshutdown.o
         2          0          0          0          0          0   libshutdown2.o
         8          4          0          0         96         68   libspace.o
        64          0          0          0          0        108   rt_memclr.o
         2          0          0          0          0          0   rtexit.o
        10          0          0          0          0          0   rtexit2.o
        62          0          0          0          0         80   sys_stackheap_outer.o
        46          0          0          0          0         60   cmpret.o
       124          4          0          0          0         72   d2f.o
        88          0          0          0          0         92   dflti.o
       584         26          0          0          0         84   dmul.o
       348          8          0          0          0        160   faddsub.o
       100          4          0          0          0         68   fcmpin.o
       352         10         64          0          0         92   fdiv.o
        76          0          0          0          0         68   ffixi.o
        48          0          0          0          0         60   ffixui.o
        94          0          0          0          0         92   fflti.o
       176          4          0          0          0         80   fmul.o
        16          6          0          0          0         68   fnan2.o
        88          4          0          0          0         76   frlef.o
        94          0          0          0          0         68   retnan.o
         0          0          0          0          0          0   usenofp.o

    ----------------------------------------------------------------------
      2904         78         64          0        100       1760   Library Totals
         8          0          0          0          4          0   (incl. Padding)

    ----------------------------------------------------------------------

      Code (inc. data)   RO Data    RW Data    ZI Data      Debug   Library Name

       662         12          0          0         96        620   c_p.l
      2234         66         64          0          0       1140   fz_ps.l

    ----------------------------------------------------------------------
      2904         78         64          0        100       1760   Library Totals

    ----------------------------------------------------------------------

==============================================================================


      Code (inc. data)   RO Data    RW Data    ZI Data      Debug   

     38440       2126        440        180       3700    1849195   Grand Totals
     38440       2126        440        180       3700    1849195   ELF Image Totals
     38440       2126        440        180          0          0   ROM Totals

==============================================================================

    Total RO  Size (Code + RO Data)                38880 (  37.97kB)
    Total RW  Size (RW Data + ZI Data)              3880 (   3.79kB)
    Total ROM Size (Code + RO Data + RW Data)      39060 (  38.14kB)

==============================================================================

